Archive member included to satisfy reference by file (symbol)

.\CortexM3\ARM_GCC_541\Debug\CY8CKIT-059_Bootloader.a(Bootloader.o)
                              .\CortexM3\ARM_GCC_541\Debug\main.o (Bootloader_Start)
.\CortexM3\ARM_GCC_541\Debug\CY8CKIT-059_Bootloader.a(PWM.o)
                              .\CortexM3\ARM_GCC_541\Debug\main.o (PWM_Start)
.\CortexM3\ARM_GCC_541\Debug\CY8CKIT-059_Bootloader.a(CyFlash.o)
                              .\CortexM3\ARM_GCC_541\Debug\CY8CKIT-059_Bootloader.a(Bootloader.o) (CySetTemp)
.\CortexM3\ARM_GCC_541\Debug\CY8CKIT-059_Bootloader.a(CyLib.o)
                              .\CortexM3\ARM_GCC_541\Debug\Cm3Start.o (CyResetStatus)
.\CortexM3\ARM_GCC_541\Debug\CY8CKIT-059_Bootloader.a(cyPm.o)
                              .\CortexM3\ARM_GCC_541\Debug\CY8CKIT-059_Bootloader.a(CyLib.o) (CyPmReadStatus)
.\CortexM3\ARM_GCC_541\Debug\CY8CKIT-059_Bootloader.a(CySpc.o)
                              .\CortexM3\ARM_GCC_541\Debug\CY8CKIT-059_Bootloader.a(CyFlash.o) (CySpcStart)
.\CortexM3\ARM_GCC_541\Debug\CY8CKIT-059_Bootloader.a(CyBootAsmGnu.o)
                              .\CortexM3\ARM_GCC_541\Debug\cyfitter_cfg.o (CyDelayCycles)
.\CortexM3\ARM_GCC_541\Debug\CY8CKIT-059_Bootloader.a(UART_BOOT.o)
                              .\CortexM3\ARM_GCC_541\Debug\CY8CKIT-059_Bootloader.a(Bootloader.o) (UART_CyBtldrCommStart)
.\CortexM3\ARM_GCC_541\Debug\CY8CKIT-059_Bootloader.a(UART.o)
                              .\CortexM3\ARM_GCC_541\Debug\CY8CKIT-059_Bootloader.a(UART_BOOT.o) (UART_Start)
.\CortexM3\ARM_GCC_541\Debug\CY8CKIT-059_Bootloader.a(UART_INT.o)
                              .\CortexM3\ARM_GCC_541\Debug\CY8CKIT-059_Bootloader.a(UART.o) (UART_RXISR)
.\CortexM3\ARM_GCC_541\Debug\CY8CKIT-059_Bootloader.a(UART_IntClock.o)
                              .\CortexM3\ARM_GCC_541\Debug\CY8CKIT-059_Bootloader.a(UART.o) (UART_IntClock_Start)
c:/program files (x86)/cypress/psoc creator/4.4/psoc creator/import/gnu/arm/5.4.1/bin/../lib/gcc/arm-none-eabi/5.4.1/../../../../arm-none-eabi/lib/armv7-m\libg_nano.a(lib_a-errno.o)
                              .\CortexM3\ARM_GCC_541\Debug\Cm3Start.o (__errno)
c:/program files (x86)/cypress/psoc creator/4.4/psoc creator/import/gnu/arm/5.4.1/bin/../lib/gcc/arm-none-eabi/5.4.1/../../../../arm-none-eabi/lib/armv7-m\libg_nano.a(lib_a-exit.o)
                              c:/program files (x86)/cypress/psoc creator/4.4/psoc creator/import/gnu/arm/5.4.1/bin/../lib/gcc/arm-none-eabi/5.4.1/../../../../arm-none-eabi/lib/armv7-m/crt0.o (exit)
c:/program files (x86)/cypress/psoc creator/4.4/psoc creator/import/gnu/arm/5.4.1/bin/../lib/gcc/arm-none-eabi/5.4.1/../../../../arm-none-eabi/lib/armv7-m\libg_nano.a(lib_a-impure.o)
                              c:/program files (x86)/cypress/psoc creator/4.4/psoc creator/import/gnu/arm/5.4.1/bin/../lib/gcc/arm-none-eabi/5.4.1/../../../../arm-none-eabi/lib/armv7-m\libg_nano.a(lib_a-exit.o) (_global_impure_ptr)
c:/program files (x86)/cypress/psoc creator/4.4/psoc creator/import/gnu/arm/5.4.1/bin/../lib/gcc/arm-none-eabi/5.4.1/../../../../arm-none-eabi/lib/armv7-m\libg_nano.a(lib_a-init.o)
                              c:/program files (x86)/cypress/psoc creator/4.4/psoc creator/import/gnu/arm/5.4.1/bin/../lib/gcc/arm-none-eabi/5.4.1/../../../../arm-none-eabi/lib/armv7-m/crt0.o (__libc_init_array)
c:/program files (x86)/cypress/psoc creator/4.4/psoc creator/import/gnu/arm/5.4.1/bin/../lib/gcc/arm-none-eabi/5.4.1/../../../../arm-none-eabi/lib/armv7-m\libg_nano.a(lib_a-memcpy-stub.o)
                              .\CortexM3\ARM_GCC_541\Debug\cyfitter_cfg.o (memcpy)
c:/program files (x86)/cypress/psoc creator/4.4/psoc creator/import/gnu/arm/5.4.1/bin/../lib/gcc/arm-none-eabi/5.4.1/../../../../arm-none-eabi/lib/armv7-m\libg_nano.a(lib_a-memset.o)
                              c:/program files (x86)/cypress/psoc creator/4.4/psoc creator/import/gnu/arm/5.4.1/bin/../lib/gcc/arm-none-eabi/5.4.1/../../../../arm-none-eabi/lib/armv7-m/crt0.o (memset)

Allocating common symbols
Common symbol       size              file

UART_rxBuffer       0x40              .\CortexM3\ARM_GCC_541\Debug\CY8CKIT-059_Bootloader.a(UART.o)
dieTemperature      0x2               .\CortexM3\ARM_GCC_541\Debug\CY8CKIT-059_Bootloader.a(CyFlash.o)
UART_txBuffer       0x40              .\CortexM3\ARM_GCC_541\Debug\CY8CKIT-059_Bootloader.a(UART.o)

Discarded input sections

 .text          0x00000000        0x0 c:/program files (x86)/cypress/psoc creator/4.4/psoc creator/import/gnu/arm/5.4.1/bin/../lib/gcc/arm-none-eabi/5.4.1/armv7-m/crti.o
 .data          0x00000000        0x0 c:/program files (x86)/cypress/psoc creator/4.4/psoc creator/import/gnu/arm/5.4.1/bin/../lib/gcc/arm-none-eabi/5.4.1/armv7-m/crti.o
 .bss           0x00000000        0x0 c:/program files (x86)/cypress/psoc creator/4.4/psoc creator/import/gnu/arm/5.4.1/bin/../lib/gcc/arm-none-eabi/5.4.1/armv7-m/crti.o
 .data          0x00000000        0x4 c:/program files (x86)/cypress/psoc creator/4.4/psoc creator/import/gnu/arm/5.4.1/bin/../lib/gcc/arm-none-eabi/5.4.1/armv7-m/crtbegin.o
 .text          0x00000000       0x74 c:/program files (x86)/cypress/psoc creator/4.4/psoc creator/import/gnu/arm/5.4.1/bin/../lib/gcc/arm-none-eabi/5.4.1/../../../../arm-none-eabi/lib/armv7-m/crt0.o
 .data          0x00000000        0x0 c:/program files (x86)/cypress/psoc creator/4.4/psoc creator/import/gnu/arm/5.4.1/bin/../lib/gcc/arm-none-eabi/5.4.1/../../../../arm-none-eabi/lib/armv7-m/crt0.o
 .bss           0x00000000        0x0 c:/program files (x86)/cypress/psoc creator/4.4/psoc creator/import/gnu/arm/5.4.1/bin/../lib/gcc/arm-none-eabi/5.4.1/../../../../arm-none-eabi/lib/armv7-m/crt0.o
 .ARM.extab     0x00000000        0x0 c:/program files (x86)/cypress/psoc creator/4.4/psoc creator/import/gnu/arm/5.4.1/bin/../lib/gcc/arm-none-eabi/5.4.1/../../../../arm-none-eabi/lib/armv7-m/crt0.o
 .ARM.exidx     0x00000000        0x8 c:/program files (x86)/cypress/psoc creator/4.4/psoc creator/import/gnu/arm/5.4.1/bin/../lib/gcc/arm-none-eabi/5.4.1/../../../../arm-none-eabi/lib/armv7-m/crt0.o
 .text          0x00000000        0x0 .\CortexM3\ARM_GCC_541\Debug\main.o
 .data          0x00000000        0x0 .\CortexM3\ARM_GCC_541\Debug\main.o
 .bss           0x00000000        0x0 .\CortexM3\ARM_GCC_541\Debug\main.o
 .text          0x00000000        0x0 .\CortexM3\ARM_GCC_541\Debug\cyfitter_cfg.o
 .data          0x00000000        0x0 .\CortexM3\ARM_GCC_541\Debug\cyfitter_cfg.o
 .bss           0x00000000        0x0 .\CortexM3\ARM_GCC_541\Debug\cyfitter_cfg.o
 .text.SetAnalogRoutingPumps
                0x00000000       0x28 .\CortexM3\ARM_GCC_541\Debug\cyfitter_cfg.o
 .text          0x00000000        0x0 .\CortexM3\ARM_GCC_541\Debug\cymetadata.o
 .data          0x00000000        0x0 .\CortexM3\ARM_GCC_541\Debug\cymetadata.o
 .bss           0x00000000        0x0 .\CortexM3\ARM_GCC_541\Debug\cymetadata.o
 .text          0x00000000        0x0 .\CortexM3\ARM_GCC_541\Debug\Cm3Start.o
 .data          0x00000000        0x4 .\CortexM3\ARM_GCC_541\Debug\Cm3Start.o
 .bss           0x00000000        0x0 .\CortexM3\ARM_GCC_541\Debug\Cm3Start.o
 .text._exit    0x00000000       0x14 .\CortexM3\ARM_GCC_541\Debug\Cm3Start.o
 .text._sbrk    0x00000000       0x50 .\CortexM3\ARM_GCC_541\Debug\Cm3Start.o
 .text          0x00000000        0x0 .\CortexM3\ARM_GCC_541\Debug\CY8CKIT-059_Bootloader.a(Bootloader.o)
 .text.Bootloader_InitCallback
                0x00000000       0x1c .\CortexM3\ARM_GCC_541\Debug\CY8CKIT-059_Bootloader.a(Bootloader.o)
 .text.Bootloader_Exit
                0x00000000       0x80 .\CortexM3\ARM_GCC_541\Debug\CY8CKIT-059_Bootloader.a(Bootloader.o)
 .text.Bootloader_SetFlashByte
                0x00000000       0xb0 .\CortexM3\ARM_GCC_541\Debug\CY8CKIT-059_Bootloader.a(Bootloader.o)
 .text          0x00000000        0x0 .\CortexM3\ARM_GCC_541\Debug\CY8CKIT-059_Bootloader.a(PWM.o)
 .data          0x00000000        0x0 .\CortexM3\ARM_GCC_541\Debug\CY8CKIT-059_Bootloader.a(PWM.o)
 .text.PWM_Stop
                0x00000000       0x48 .\CortexM3\ARM_GCC_541\Debug\CY8CKIT-059_Bootloader.a(PWM.o)
 .text.PWM_ReadStatusRegister
                0x00000000       0x18 .\CortexM3\ARM_GCC_541\Debug\CY8CKIT-059_Bootloader.a(PWM.o)
 .text.PWM_ReadControlRegister
                0x00000000       0x1c .\CortexM3\ARM_GCC_541\Debug\CY8CKIT-059_Bootloader.a(PWM.o)
 .text.PWM_WriteControlRegister
                0x00000000       0x20 .\CortexM3\ARM_GCC_541\Debug\CY8CKIT-059_Bootloader.a(PWM.o)
 .text.PWM_ReadCompare
                0x00000000       0x18 .\CortexM3\ARM_GCC_541\Debug\CY8CKIT-059_Bootloader.a(PWM.o)
 .text.PWM_ReadPeriod
                0x00000000       0x18 .\CortexM3\ARM_GCC_541\Debug\CY8CKIT-059_Bootloader.a(PWM.o)
 .text          0x00000000        0x0 .\CortexM3\ARM_GCC_541\Debug\CY8CKIT-059_Bootloader.a(CyFlash.o)
 .data          0x00000000        0x0 .\CortexM3\ARM_GCC_541\Debug\CY8CKIT-059_Bootloader.a(CyFlash.o)
 .bss           0x00000000        0x4 .\CortexM3\ARM_GCC_541\Debug\CY8CKIT-059_Bootloader.a(CyFlash.o)
 .text.CyFlash_Start
                0x00000000       0x8c .\CortexM3\ARM_GCC_541\Debug\CY8CKIT-059_Bootloader.a(CyFlash.o)
 .text.CyFlash_Stop
                0x00000000       0x48 .\CortexM3\ARM_GCC_541\Debug\CY8CKIT-059_Bootloader.a(CyFlash.o)
 .text.CyFlash_EraseRow
                0x00000000       0xb0 .\CortexM3\ARM_GCC_541\Debug\CY8CKIT-059_Bootloader.a(CyFlash.o)
 .text.CySetFlashEEBuffer
                0x00000000       0x54 .\CortexM3\ARM_GCC_541\Debug\CY8CKIT-059_Bootloader.a(CyFlash.o)
 .text.CyWriteRowData
                0x00000000       0x38 .\CortexM3\ARM_GCC_541\Debug\CY8CKIT-059_Bootloader.a(CyFlash.o)
 .text.CyFlash_SetWaitCycles
                0x00000000       0xbc .\CortexM3\ARM_GCC_541\Debug\CY8CKIT-059_Bootloader.a(CyFlash.o)
 .text.CyEEPROM_Stop
                0x00000000       0x48 .\CortexM3\ARM_GCC_541\Debug\CY8CKIT-059_Bootloader.a(CyFlash.o)
 .text.CyEEPROM_ReadReserve
                0x00000000       0x30 .\CortexM3\ARM_GCC_541\Debug\CY8CKIT-059_Bootloader.a(CyFlash.o)
 .text.CyEEPROM_ReadRelease
                0x00000000       0x20 .\CortexM3\ARM_GCC_541\Debug\CY8CKIT-059_Bootloader.a(CyFlash.o)
 .text          0x00000000        0x0 .\CortexM3\ARM_GCC_541\Debug\CY8CKIT-059_Bootloader.a(CyLib.o)
 .bss           0x00000000       0x19 .\CortexM3\ARM_GCC_541\Debug\CY8CKIT-059_Bootloader.a(CyLib.o)
 .text.CyPLL_OUT_Start
                0x00000000       0xb0 .\CortexM3\ARM_GCC_541\Debug\CY8CKIT-059_Bootloader.a(CyLib.o)
 .text.CyPLL_OUT_Stop
                0x00000000       0x20 .\CortexM3\ARM_GCC_541\Debug\CY8CKIT-059_Bootloader.a(CyLib.o)
 .text.CyPLL_OUT_SetPQ
                0x00000000       0x94 .\CortexM3\ARM_GCC_541\Debug\CY8CKIT-059_Bootloader.a(CyLib.o)
 .text.CyPLL_OUT_SetSource
                0x00000000       0x58 .\CortexM3\ARM_GCC_541\Debug\CY8CKIT-059_Bootloader.a(CyLib.o)
 .text.CyIMO_Start
                0x00000000       0x94 .\CortexM3\ARM_GCC_541\Debug\CY8CKIT-059_Bootloader.a(CyLib.o)
 .text.CyIMO_Stop
                0x00000000       0x34 .\CortexM3\ARM_GCC_541\Debug\CY8CKIT-059_Bootloader.a(CyLib.o)
 .text.CyUSB_PowerOnCheck
                0x00000000       0x60 .\CortexM3\ARM_GCC_541\Debug\CY8CKIT-059_Bootloader.a(CyLib.o)
 .text.CyIMO_SetTrimValue
                0x00000000      0x108 .\CortexM3\ARM_GCC_541\Debug\CY8CKIT-059_Bootloader.a(CyLib.o)
 .text.CyIMO_SetFreq
                0x00000000      0x1b0 .\CortexM3\ARM_GCC_541\Debug\CY8CKIT-059_Bootloader.a(CyLib.o)
 .text.CyIMO_SetSource
                0x00000000       0x8c .\CortexM3\ARM_GCC_541\Debug\CY8CKIT-059_Bootloader.a(CyLib.o)
 .text.CyIMO_EnableDoubler
                0x00000000       0x20 .\CortexM3\ARM_GCC_541\Debug\CY8CKIT-059_Bootloader.a(CyLib.o)
 .text.CyIMO_DisableDoubler
                0x00000000       0x20 .\CortexM3\ARM_GCC_541\Debug\CY8CKIT-059_Bootloader.a(CyLib.o)
 .text.CyMasterClk_SetSource
                0x00000000       0x34 .\CortexM3\ARM_GCC_541\Debug\CY8CKIT-059_Bootloader.a(CyLib.o)
 .text.CyMasterClk_SetDivider
                0x00000000       0x20 .\CortexM3\ARM_GCC_541\Debug\CY8CKIT-059_Bootloader.a(CyLib.o)
 .text.CyBusClk_Internal_SetDivider
                0x00000000       0x78 .\CortexM3\ARM_GCC_541\Debug\CY8CKIT-059_Bootloader.a(CyLib.o)
 .text.CyBusClk_SetDivider
                0x00000000       0xb4 .\CortexM3\ARM_GCC_541\Debug\CY8CKIT-059_Bootloader.a(CyLib.o)
 .text.CyUsbClk_SetSource
                0x00000000       0x34 .\CortexM3\ARM_GCC_541\Debug\CY8CKIT-059_Bootloader.a(CyLib.o)
 .text.CyILO_Start1K
                0x00000000       0x20 .\CortexM3\ARM_GCC_541\Debug\CY8CKIT-059_Bootloader.a(CyLib.o)
 .text.CyILO_Stop1K
                0x00000000       0x20 .\CortexM3\ARM_GCC_541\Debug\CY8CKIT-059_Bootloader.a(CyLib.o)
 .text.CyILO_Start100K
                0x00000000       0x20 .\CortexM3\ARM_GCC_541\Debug\CY8CKIT-059_Bootloader.a(CyLib.o)
 .text.CyILO_Stop100K
                0x00000000       0x20 .\CortexM3\ARM_GCC_541\Debug\CY8CKIT-059_Bootloader.a(CyLib.o)
 .text.CyILO_Enable33K
                0x00000000       0x20 .\CortexM3\ARM_GCC_541\Debug\CY8CKIT-059_Bootloader.a(CyLib.o)
 .text.CyILO_Disable33K
                0x00000000       0x20 .\CortexM3\ARM_GCC_541\Debug\CY8CKIT-059_Bootloader.a(CyLib.o)
 .text.CyILO_SetSource
                0x00000000       0x38 .\CortexM3\ARM_GCC_541\Debug\CY8CKIT-059_Bootloader.a(CyLib.o)
 .text.CyILO_SetPowerMode
                0x00000000       0x4c .\CortexM3\ARM_GCC_541\Debug\CY8CKIT-059_Bootloader.a(CyLib.o)
 .text.CyXTAL_32KHZ_Start
                0x00000000       0x88 .\CortexM3\ARM_GCC_541\Debug\CY8CKIT-059_Bootloader.a(CyLib.o)
 .text.CyXTAL_32KHZ_Stop
                0x00000000       0x50 .\CortexM3\ARM_GCC_541\Debug\CY8CKIT-059_Bootloader.a(CyLib.o)
 .text.CyXTAL_32KHZ_ReadStatus
                0x00000000       0x1c .\CortexM3\ARM_GCC_541\Debug\CY8CKIT-059_Bootloader.a(CyLib.o)
 .text.CyXTAL_32KHZ_SetPowerMode
                0x00000000       0xb4 .\CortexM3\ARM_GCC_541\Debug\CY8CKIT-059_Bootloader.a(CyLib.o)
 .text.CyXTAL_Start
                0x00000000       0xd0 .\CortexM3\ARM_GCC_541\Debug\CY8CKIT-059_Bootloader.a(CyLib.o)
 .text.CyXTAL_Stop
                0x00000000       0x20 .\CortexM3\ARM_GCC_541\Debug\CY8CKIT-059_Bootloader.a(CyLib.o)
 .text.CyXTAL_EnableErrStatus
                0x00000000       0x20 .\CortexM3\ARM_GCC_541\Debug\CY8CKIT-059_Bootloader.a(CyLib.o)
 .text.CyXTAL_DisableErrStatus
                0x00000000       0x20 .\CortexM3\ARM_GCC_541\Debug\CY8CKIT-059_Bootloader.a(CyLib.o)
 .text.CyXTAL_ReadStatus
                0x00000000       0x24 .\CortexM3\ARM_GCC_541\Debug\CY8CKIT-059_Bootloader.a(CyLib.o)
 .text.CyXTAL_EnableFaultRecovery
                0x00000000       0x20 .\CortexM3\ARM_GCC_541\Debug\CY8CKIT-059_Bootloader.a(CyLib.o)
 .text.CyXTAL_DisableFaultRecovery
                0x00000000       0x20 .\CortexM3\ARM_GCC_541\Debug\CY8CKIT-059_Bootloader.a(CyLib.o)
 .text.CyXTAL_SetStartup
                0x00000000       0x34 .\CortexM3\ARM_GCC_541\Debug\CY8CKIT-059_Bootloader.a(CyLib.o)
 .text.CyXTAL_SetFbVoltage
                0x00000000       0x34 .\CortexM3\ARM_GCC_541\Debug\CY8CKIT-059_Bootloader.a(CyLib.o)
 .text.CyXTAL_SetWdVoltage
                0x00000000       0x38 .\CortexM3\ARM_GCC_541\Debug\CY8CKIT-059_Bootloader.a(CyLib.o)
 .text.CyDelayFreq
                0x00000000       0x7c .\CortexM3\ARM_GCC_541\Debug\CY8CKIT-059_Bootloader.a(CyLib.o)
 .text.CyWdtStart
                0x00000000       0x8c .\CortexM3\ARM_GCC_541\Debug\CY8CKIT-059_Bootloader.a(CyLib.o)
 .text.CyWdtClear
                0x00000000       0x18 .\CortexM3\ARM_GCC_541\Debug\CY8CKIT-059_Bootloader.a(CyLib.o)
 .text.CyVdLvDigitEnable
                0x00000000       0xcc .\CortexM3\ARM_GCC_541\Debug\CY8CKIT-059_Bootloader.a(CyLib.o)
 .text.CyVdLvAnalogEnable
                0x00000000       0xcc .\CortexM3\ARM_GCC_541\Debug\CY8CKIT-059_Bootloader.a(CyLib.o)
 .text.CyVdLvDigitDisable
                0x00000000       0x48 .\CortexM3\ARM_GCC_541\Debug\CY8CKIT-059_Bootloader.a(CyLib.o)
 .text.CyVdLvAnalogDisable
                0x00000000       0x44 .\CortexM3\ARM_GCC_541\Debug\CY8CKIT-059_Bootloader.a(CyLib.o)
 .text.CyVdHvAnalogEnable
                0x00000000       0x7c .\CortexM3\ARM_GCC_541\Debug\CY8CKIT-059_Bootloader.a(CyLib.o)
 .text.CyVdHvAnalogDisable
                0x00000000       0x30 .\CortexM3\ARM_GCC_541\Debug\CY8CKIT-059_Bootloader.a(CyLib.o)
 .text.CyVdStickyStatus
                0x00000000       0x5c .\CortexM3\ARM_GCC_541\Debug\CY8CKIT-059_Bootloader.a(CyLib.o)
 .text.CyVdRealTimeStatus
                0x00000000       0x30 .\CortexM3\ARM_GCC_541\Debug\CY8CKIT-059_Bootloader.a(CyLib.o)
 .text.CyDisableInts
                0x00000000       0x34 .\CortexM3\ARM_GCC_541\Debug\CY8CKIT-059_Bootloader.a(CyLib.o)
 .text.CyEnableInts
                0x00000000       0x2c .\CortexM3\ARM_GCC_541\Debug\CY8CKIT-059_Bootloader.a(CyLib.o)
 .text.CyIntSetSysVector
                0x00000000       0x4c .\CortexM3\ARM_GCC_541\Debug\CY8CKIT-059_Bootloader.a(CyLib.o)
 .text.CyIntGetSysVector
                0x00000000       0x38 .\CortexM3\ARM_GCC_541\Debug\CY8CKIT-059_Bootloader.a(CyLib.o)
 .text.CyIntGetVector
                0x00000000       0x38 .\CortexM3\ARM_GCC_541\Debug\CY8CKIT-059_Bootloader.a(CyLib.o)
 .text.CyIntGetPriority
                0x00000000       0x38 .\CortexM3\ARM_GCC_541\Debug\CY8CKIT-059_Bootloader.a(CyLib.o)
 .text.CyIntGetState
                0x00000000       0x44 .\CortexM3\ARM_GCC_541\Debug\CY8CKIT-059_Bootloader.a(CyLib.o)
 .text.CySysTickStart
                0x00000000       0x24 .\CortexM3\ARM_GCC_541\Debug\CY8CKIT-059_Bootloader.a(CyLib.o)
 .text.CySysTickInit
                0x00000000       0x6c .\CortexM3\ARM_GCC_541\Debug\CY8CKIT-059_Bootloader.a(CyLib.o)
 .text.CySysTickEnable
                0x00000000       0x1c .\CortexM3\ARM_GCC_541\Debug\CY8CKIT-059_Bootloader.a(CyLib.o)
 .text.CySysTickStop
                0x00000000       0x1c .\CortexM3\ARM_GCC_541\Debug\CY8CKIT-059_Bootloader.a(CyLib.o)
 .text.CySysTickEnableInterrupt
                0x00000000       0x1c .\CortexM3\ARM_GCC_541\Debug\CY8CKIT-059_Bootloader.a(CyLib.o)
 .text.CySysTickDisableInterrupt
                0x00000000       0x1c .\CortexM3\ARM_GCC_541\Debug\CY8CKIT-059_Bootloader.a(CyLib.o)
 .text.CySysTickSetReload
                0x00000000       0x20 .\CortexM3\ARM_GCC_541\Debug\CY8CKIT-059_Bootloader.a(CyLib.o)
 .text.CySysTickGetReload
                0x00000000       0x18 .\CortexM3\ARM_GCC_541\Debug\CY8CKIT-059_Bootloader.a(CyLib.o)
 .text.CySysTickGetValue
                0x00000000       0x18 .\CortexM3\ARM_GCC_541\Debug\CY8CKIT-059_Bootloader.a(CyLib.o)
 .text.CySysTickSetClockSource
                0x00000000       0x38 .\CortexM3\ARM_GCC_541\Debug\CY8CKIT-059_Bootloader.a(CyLib.o)
 .text.CySysTickGetClockSource
                0x00000000       0x1c .\CortexM3\ARM_GCC_541\Debug\CY8CKIT-059_Bootloader.a(CyLib.o)
 .text.CySysTickGetCountFlag
                0x00000000       0x1c .\CortexM3\ARM_GCC_541\Debug\CY8CKIT-059_Bootloader.a(CyLib.o)
 .text.CySysTickClear
                0x00000000       0x18 .\CortexM3\ARM_GCC_541\Debug\CY8CKIT-059_Bootloader.a(CyLib.o)
 .text.CySysTickSetCallback
                0x00000000       0x30 .\CortexM3\ARM_GCC_541\Debug\CY8CKIT-059_Bootloader.a(CyLib.o)
 .text.CySysTickGetCallback
                0x00000000       0x20 .\CortexM3\ARM_GCC_541\Debug\CY8CKIT-059_Bootloader.a(CyLib.o)
 .text.CySysTickServiceCallbacks
                0x00000000       0x44 .\CortexM3\ARM_GCC_541\Debug\CY8CKIT-059_Bootloader.a(CyLib.o)
 .text.CyGetUniqueId
                0x00000000       0xc4 .\CortexM3\ARM_GCC_541\Debug\CY8CKIT-059_Bootloader.a(CyLib.o)
 .text          0x00000000        0x0 .\CortexM3\ARM_GCC_541\Debug\CY8CKIT-059_Bootloader.a(cyPm.o)
 .data          0x00000000        0x0 .\CortexM3\ARM_GCC_541\Debug\CY8CKIT-059_Bootloader.a(cyPm.o)
 .bss           0x00000000       0x43 .\CortexM3\ARM_GCC_541\Debug\CY8CKIT-059_Bootloader.a(cyPm.o)
 .rodata        0x00000000        0xf .\CortexM3\ARM_GCC_541\Debug\CY8CKIT-059_Bootloader.a(cyPm.o)
 .text.CyPmSaveClocks
                0x00000000      0x288 .\CortexM3\ARM_GCC_541\Debug\CY8CKIT-059_Bootloader.a(cyPm.o)
 .text.CyPmRestoreClocks
                0x00000000      0x2f0 .\CortexM3\ARM_GCC_541\Debug\CY8CKIT-059_Bootloader.a(cyPm.o)
 .text.CyPmAltAct
                0x00000000       0xbc .\CortexM3\ARM_GCC_541\Debug\CY8CKIT-059_Bootloader.a(cyPm.o)
 .text.CyPmSleep
                0x00000000      0x170 .\CortexM3\ARM_GCC_541\Debug\CY8CKIT-059_Bootloader.a(cyPm.o)
 .text.CyPmHibernate
                0x00000000       0x10 .\CortexM3\ARM_GCC_541\Debug\CY8CKIT-059_Bootloader.a(cyPm.o)
 .text.CyPmHibernateEx
                0x00000000      0x158 .\CortexM3\ARM_GCC_541\Debug\CY8CKIT-059_Bootloader.a(cyPm.o)
 .text.CyPmReadStatus
                0x00000000       0x5c .\CortexM3\ARM_GCC_541\Debug\CY8CKIT-059_Bootloader.a(cyPm.o)
 .text.CyPmHibSaveSet
                0x00000000       0xe8 .\CortexM3\ARM_GCC_541\Debug\CY8CKIT-059_Bootloader.a(cyPm.o)
 .text.CyPmHibRestore
                0x00000000       0x78 .\CortexM3\ARM_GCC_541\Debug\CY8CKIT-059_Bootloader.a(cyPm.o)
 .text.CyPmCtwSetInterval
                0x00000000       0x94 .\CortexM3\ARM_GCC_541\Debug\CY8CKIT-059_Bootloader.a(cyPm.o)
 .text.CyPmOppsSet
                0x00000000       0x44 .\CortexM3\ARM_GCC_541\Debug\CY8CKIT-059_Bootloader.a(cyPm.o)
 .text.CyPmFtwSetInterval
                0x00000000       0x94 .\CortexM3\ARM_GCC_541\Debug\CY8CKIT-059_Bootloader.a(cyPm.o)
 .text.CyPmHibSlpSaveSet
                0x00000000      0x280 .\CortexM3\ARM_GCC_541\Debug\CY8CKIT-059_Bootloader.a(cyPm.o)
 .text.CyPmHibSlpRestore
                0x00000000      0x18c .\CortexM3\ARM_GCC_541\Debug\CY8CKIT-059_Bootloader.a(cyPm.o)
 .text.CyPmHviLviSaveDisable
                0x00000000       0xd8 .\CortexM3\ARM_GCC_541\Debug\CY8CKIT-059_Bootloader.a(cyPm.o)
 .text.CyPmHviLviRestore
                0x00000000       0x58 .\CortexM3\ARM_GCC_541\Debug\CY8CKIT-059_Bootloader.a(cyPm.o)
 .text          0x00000000        0x0 .\CortexM3\ARM_GCC_541\Debug\CY8CKIT-059_Bootloader.a(CySpc.o)
 .data          0x00000000        0x0 .\CortexM3\ARM_GCC_541\Debug\CY8CKIT-059_Bootloader.a(CySpc.o)
 .text.CySpcStop
                0x00000000       0x48 .\CortexM3\ARM_GCC_541\Debug\CY8CKIT-059_Bootloader.a(CySpc.o)
 .text.CySpcLoadMultiByte
                0x00000000       0xd0 .\CortexM3\ARM_GCC_541\Debug\CY8CKIT-059_Bootloader.a(CySpc.o)
 .text.CySpcLoadRow
                0x00000000       0x88 .\CortexM3\ARM_GCC_541\Debug\CY8CKIT-059_Bootloader.a(CySpc.o)
 .text.CySpcEraseSector
                0x00000000       0x70 .\CortexM3\ARM_GCC_541\Debug\CY8CKIT-059_Bootloader.a(CySpc.o)
 .text.CySpcEraseRow
                0x00000000       0x98 .\CortexM3\ARM_GCC_541\Debug\CY8CKIT-059_Bootloader.a(CySpc.o)
 .data          0x00000000        0x0 .\CortexM3\ARM_GCC_541\Debug\CY8CKIT-059_Bootloader.a(CyBootAsmGnu.o)
 .bss           0x00000000        0x0 .\CortexM3\ARM_GCC_541\Debug\CY8CKIT-059_Bootloader.a(CyBootAsmGnu.o)
 .text          0x00000000        0x0 .\CortexM3\ARM_GCC_541\Debug\CY8CKIT-059_Bootloader.a(UART_BOOT.o)
 .data          0x00000000        0x0 .\CortexM3\ARM_GCC_541\Debug\CY8CKIT-059_Bootloader.a(UART_BOOT.o)
 .bss           0x00000000        0x0 .\CortexM3\ARM_GCC_541\Debug\CY8CKIT-059_Bootloader.a(UART_BOOT.o)
 .text.UART_CyBtldrCommReset
                0x00000000       0x10 .\CortexM3\ARM_GCC_541\Debug\CY8CKIT-059_Bootloader.a(UART_BOOT.o)
 .text          0x00000000        0x0 .\CortexM3\ARM_GCC_541\Debug\CY8CKIT-059_Bootloader.a(UART.o)
 .data          0x00000000        0x0 .\CortexM3\ARM_GCC_541\Debug\CY8CKIT-059_Bootloader.a(UART.o)
 .text.UART_ReadControlRegister
                0x00000000       0x10 .\CortexM3\ARM_GCC_541\Debug\CY8CKIT-059_Bootloader.a(UART.o)
 .text.UART_WriteControlRegister
                0x00000000       0x14 .\CortexM3\ARM_GCC_541\Debug\CY8CKIT-059_Bootloader.a(UART.o)
 .text.UART_SetRxInterruptMode
                0x00000000       0x20 .\CortexM3\ARM_GCC_541\Debug\CY8CKIT-059_Bootloader.a(UART.o)
 .text.UART_ReadRxStatus
                0x00000000       0x40 .\CortexM3\ARM_GCC_541\Debug\CY8CKIT-059_Bootloader.a(UART.o)
 .text.UART_GetChar
                0x00000000       0xb4 .\CortexM3\ARM_GCC_541\Debug\CY8CKIT-059_Bootloader.a(UART.o)
 .text.UART_GetByte
                0x00000000       0x44 .\CortexM3\ARM_GCC_541\Debug\CY8CKIT-059_Bootloader.a(UART.o)
 .text.UART_SetRxAddressMode
                0x00000000       0x14 .\CortexM3\ARM_GCC_541\Debug\CY8CKIT-059_Bootloader.a(UART.o)
 .text.UART_SetRxAddress1
                0x00000000       0x20 .\CortexM3\ARM_GCC_541\Debug\CY8CKIT-059_Bootloader.a(UART.o)
 .text.UART_SetRxAddress2
                0x00000000       0x20 .\CortexM3\ARM_GCC_541\Debug\CY8CKIT-059_Bootloader.a(UART.o)
 .text.UART_SetTxInterruptMode
                0x00000000       0x20 .\CortexM3\ARM_GCC_541\Debug\CY8CKIT-059_Bootloader.a(UART.o)
 .text.UART_WriteTxData
                0x00000000       0x94 .\CortexM3\ARM_GCC_541\Debug\CY8CKIT-059_Bootloader.a(UART.o)
 .text.UART_ReadTxStatus
                0x00000000       0x18 .\CortexM3\ARM_GCC_541\Debug\CY8CKIT-059_Bootloader.a(UART.o)
 .text.UART_PutString
                0x00000000       0x44 .\CortexM3\ARM_GCC_541\Debug\CY8CKIT-059_Bootloader.a(UART.o)
 .text.UART_PutArray
                0x00000000       0x44 .\CortexM3\ARM_GCC_541\Debug\CY8CKIT-059_Bootloader.a(UART.o)
 .text.UART_PutCRLF
                0x00000000       0x34 .\CortexM3\ARM_GCC_541\Debug\CY8CKIT-059_Bootloader.a(UART.o)
 .text.UART_GetTxBufferSize
                0x00000000       0x74 .\CortexM3\ARM_GCC_541\Debug\CY8CKIT-059_Bootloader.a(UART.o)
 .text.UART_SendBreak
                0x00000000       0x9c .\CortexM3\ARM_GCC_541\Debug\CY8CKIT-059_Bootloader.a(UART.o)
 .text.UART_SetTxAddressMode
                0x00000000       0x14 .\CortexM3\ARM_GCC_541\Debug\CY8CKIT-059_Bootloader.a(UART.o)
 .text          0x00000000        0x0 .\CortexM3\ARM_GCC_541\Debug\CY8CKIT-059_Bootloader.a(UART_INT.o)
 .data          0x00000000        0x0 .\CortexM3\ARM_GCC_541\Debug\CY8CKIT-059_Bootloader.a(UART_INT.o)
 .bss           0x00000000        0x0 .\CortexM3\ARM_GCC_541\Debug\CY8CKIT-059_Bootloader.a(UART_INT.o)
 .text          0x00000000        0x0 .\CortexM3\ARM_GCC_541\Debug\CY8CKIT-059_Bootloader.a(UART_IntClock.o)
 .data          0x00000000        0x0 .\CortexM3\ARM_GCC_541\Debug\CY8CKIT-059_Bootloader.a(UART_IntClock.o)
 .bss           0x00000000        0x0 .\CortexM3\ARM_GCC_541\Debug\CY8CKIT-059_Bootloader.a(UART_IntClock.o)
 .text.UART_IntClock_StopBlock
                0x00000000       0xb0 .\CortexM3\ARM_GCC_541\Debug\CY8CKIT-059_Bootloader.a(UART_IntClock.o)
 .text.UART_IntClock_StandbyPower
                0x00000000       0x40 .\CortexM3\ARM_GCC_541\Debug\CY8CKIT-059_Bootloader.a(UART_IntClock.o)
 .text.UART_IntClock_SetDividerRegister
                0x00000000      0x164 .\CortexM3\ARM_GCC_541\Debug\CY8CKIT-059_Bootloader.a(UART_IntClock.o)
 .text.UART_IntClock_GetDividerRegister
                0x00000000       0x18 .\CortexM3\ARM_GCC_541\Debug\CY8CKIT-059_Bootloader.a(UART_IntClock.o)
 .text.UART_IntClock_SetModeRegister
                0x00000000       0x34 .\CortexM3\ARM_GCC_541\Debug\CY8CKIT-059_Bootloader.a(UART_IntClock.o)
 .text.UART_IntClock_ClearModeRegister
                0x00000000       0x34 .\CortexM3\ARM_GCC_541\Debug\CY8CKIT-059_Bootloader.a(UART_IntClock.o)
 .text.UART_IntClock_GetModeRegister
                0x00000000       0x1c .\CortexM3\ARM_GCC_541\Debug\CY8CKIT-059_Bootloader.a(UART_IntClock.o)
 .text.UART_IntClock_SetSourceRegister
                0x00000000       0xc4 .\CortexM3\ARM_GCC_541\Debug\CY8CKIT-059_Bootloader.a(UART_IntClock.o)
 .text.UART_IntClock_GetSourceRegister
                0x00000000       0x1c .\CortexM3\ARM_GCC_541\Debug\CY8CKIT-059_Bootloader.a(UART_IntClock.o)
 .text          0x00000000        0x0 c:/program files (x86)/cypress/psoc creator/4.4/psoc creator/import/gnu/arm/5.4.1/bin/../lib/gcc/arm-none-eabi/5.4.1/../../../../arm-none-eabi/lib/armv7-m\libg_nano.a(lib_a-errno.o)
 .data          0x00000000        0x0 c:/program files (x86)/cypress/psoc creator/4.4/psoc creator/import/gnu/arm/5.4.1/bin/../lib/gcc/arm-none-eabi/5.4.1/../../../../arm-none-eabi/lib/armv7-m\libg_nano.a(lib_a-errno.o)
 .bss           0x00000000        0x0 c:/program files (x86)/cypress/psoc creator/4.4/psoc creator/import/gnu/arm/5.4.1/bin/../lib/gcc/arm-none-eabi/5.4.1/../../../../arm-none-eabi/lib/armv7-m\libg_nano.a(lib_a-errno.o)
 .text          0x00000000        0x0 c:/program files (x86)/cypress/psoc creator/4.4/psoc creator/import/gnu/arm/5.4.1/bin/../lib/gcc/arm-none-eabi/5.4.1/../../../../arm-none-eabi/lib/armv7-m\libg_nano.a(lib_a-exit.o)
 .data          0x00000000        0x0 c:/program files (x86)/cypress/psoc creator/4.4/psoc creator/import/gnu/arm/5.4.1/bin/../lib/gcc/arm-none-eabi/5.4.1/../../../../arm-none-eabi/lib/armv7-m\libg_nano.a(lib_a-exit.o)
 .bss           0x00000000        0x0 c:/program files (x86)/cypress/psoc creator/4.4/psoc creator/import/gnu/arm/5.4.1/bin/../lib/gcc/arm-none-eabi/5.4.1/../../../../arm-none-eabi/lib/armv7-m\libg_nano.a(lib_a-exit.o)
 .text.exit     0x00000000       0x28 c:/program files (x86)/cypress/psoc creator/4.4/psoc creator/import/gnu/arm/5.4.1/bin/../lib/gcc/arm-none-eabi/5.4.1/../../../../arm-none-eabi/lib/armv7-m\libg_nano.a(lib_a-exit.o)
 .text          0x00000000        0x0 c:/program files (x86)/cypress/psoc creator/4.4/psoc creator/import/gnu/arm/5.4.1/bin/../lib/gcc/arm-none-eabi/5.4.1/../../../../arm-none-eabi/lib/armv7-m\libg_nano.a(lib_a-impure.o)
 .data          0x00000000        0x0 c:/program files (x86)/cypress/psoc creator/4.4/psoc creator/import/gnu/arm/5.4.1/bin/../lib/gcc/arm-none-eabi/5.4.1/../../../../arm-none-eabi/lib/armv7-m\libg_nano.a(lib_a-impure.o)
 .bss           0x00000000        0x0 c:/program files (x86)/cypress/psoc creator/4.4/psoc creator/import/gnu/arm/5.4.1/bin/../lib/gcc/arm-none-eabi/5.4.1/../../../../arm-none-eabi/lib/armv7-m\libg_nano.a(lib_a-impure.o)
 .rodata._global_impure_ptr
                0x00000000        0x4 c:/program files (x86)/cypress/psoc creator/4.4/psoc creator/import/gnu/arm/5.4.1/bin/../lib/gcc/arm-none-eabi/5.4.1/../../../../arm-none-eabi/lib/armv7-m\libg_nano.a(lib_a-impure.o)
 .text          0x00000000        0x0 c:/program files (x86)/cypress/psoc creator/4.4/psoc creator/import/gnu/arm/5.4.1/bin/../lib/gcc/arm-none-eabi/5.4.1/../../../../arm-none-eabi/lib/armv7-m\libg_nano.a(lib_a-init.o)
 .data          0x00000000        0x0 c:/program files (x86)/cypress/psoc creator/4.4/psoc creator/import/gnu/arm/5.4.1/bin/../lib/gcc/arm-none-eabi/5.4.1/../../../../arm-none-eabi/lib/armv7-m\libg_nano.a(lib_a-init.o)
 .bss           0x00000000        0x0 c:/program files (x86)/cypress/psoc creator/4.4/psoc creator/import/gnu/arm/5.4.1/bin/../lib/gcc/arm-none-eabi/5.4.1/../../../../arm-none-eabi/lib/armv7-m\libg_nano.a(lib_a-init.o)
 .text          0x00000000        0x0 c:/program files (x86)/cypress/psoc creator/4.4/psoc creator/import/gnu/arm/5.4.1/bin/../lib/gcc/arm-none-eabi/5.4.1/../../../../arm-none-eabi/lib/armv7-m\libg_nano.a(lib_a-memcpy-stub.o)
 .data          0x00000000        0x0 c:/program files (x86)/cypress/psoc creator/4.4/psoc creator/import/gnu/arm/5.4.1/bin/../lib/gcc/arm-none-eabi/5.4.1/../../../../arm-none-eabi/lib/armv7-m\libg_nano.a(lib_a-memcpy-stub.o)
 .bss           0x00000000        0x0 c:/program files (x86)/cypress/psoc creator/4.4/psoc creator/import/gnu/arm/5.4.1/bin/../lib/gcc/arm-none-eabi/5.4.1/../../../../arm-none-eabi/lib/armv7-m\libg_nano.a(lib_a-memcpy-stub.o)
 .text          0x00000000        0x0 c:/program files (x86)/cypress/psoc creator/4.4/psoc creator/import/gnu/arm/5.4.1/bin/../lib/gcc/arm-none-eabi/5.4.1/../../../../arm-none-eabi/lib/armv7-m\libg_nano.a(lib_a-memset.o)
 .data          0x00000000        0x0 c:/program files (x86)/cypress/psoc creator/4.4/psoc creator/import/gnu/arm/5.4.1/bin/../lib/gcc/arm-none-eabi/5.4.1/../../../../arm-none-eabi/lib/armv7-m\libg_nano.a(lib_a-memset.o)
 .bss           0x00000000        0x0 c:/program files (x86)/cypress/psoc creator/4.4/psoc creator/import/gnu/arm/5.4.1/bin/../lib/gcc/arm-none-eabi/5.4.1/../../../../arm-none-eabi/lib/armv7-m\libg_nano.a(lib_a-memset.o)
 .text          0x00000000        0x0 c:/program files (x86)/cypress/psoc creator/4.4/psoc creator/import/gnu/arm/5.4.1/bin/../lib/gcc/arm-none-eabi/5.4.1/armv7-m/crtend.o
 .data          0x00000000        0x0 c:/program files (x86)/cypress/psoc creator/4.4/psoc creator/import/gnu/arm/5.4.1/bin/../lib/gcc/arm-none-eabi/5.4.1/armv7-m/crtend.o
 .bss           0x00000000        0x0 c:/program files (x86)/cypress/psoc creator/4.4/psoc creator/import/gnu/arm/5.4.1/bin/../lib/gcc/arm-none-eabi/5.4.1/armv7-m/crtend.o
 .text          0x00000000        0x0 c:/program files (x86)/cypress/psoc creator/4.4/psoc creator/import/gnu/arm/5.4.1/bin/../lib/gcc/arm-none-eabi/5.4.1/armv7-m/crtn.o
 .data          0x00000000        0x0 c:/program files (x86)/cypress/psoc creator/4.4/psoc creator/import/gnu/arm/5.4.1/bin/../lib/gcc/arm-none-eabi/5.4.1/armv7-m/crtn.o
 .bss           0x00000000        0x0 c:/program files (x86)/cypress/psoc creator/4.4/psoc creator/import/gnu/arm/5.4.1/bin/../lib/gcc/arm-none-eabi/5.4.1/armv7-m/crtn.o

Memory Configuration

Name             Origin             Length             Attributes
rom              0x00000000         0x00040000         xr
ram              0x1fff8000         0x00010000         xrw
*default*        0x00000000         0xffffffff

Linker script and memory map

LOAD c:/program files (x86)/cypress/psoc creator/4.4/psoc creator/import/gnu/arm/5.4.1/bin/../lib/gcc/arm-none-eabi/5.4.1/armv7-m/crti.o
LOAD c:/program files (x86)/cypress/psoc creator/4.4/psoc creator/import/gnu/arm/5.4.1/bin/../lib/gcc/arm-none-eabi/5.4.1/armv7-m/crtbegin.o
LOAD c:/program files (x86)/cypress/psoc creator/4.4/psoc creator/import/gnu/arm/5.4.1/bin/../lib/gcc/arm-none-eabi/5.4.1/../../../../arm-none-eabi/lib/armv7-m/crt0.o
START GROUP
LOAD .\CortexM3\ARM_GCC_541\Debug\main.o
LOAD .\CortexM3\ARM_GCC_541\Debug\cyfitter_cfg.o
LOAD .\CortexM3\ARM_GCC_541\Debug\cymetadata.o
LOAD .\CortexM3\ARM_GCC_541\Debug\Cm3Start.o
LOAD .\CortexM3\ARM_GCC_541\Debug\CY8CKIT-059_Bootloader.a
LOAD C:\Program Files (x86)\Cypress\PSoC Creator\4.4\PSoC Creator\psoc\content\cycomponentlibrary\CyComponentLibrary.cylib\CortexM3\ARM_GCC_541\Debug\CyComponentLibrary.a
END GROUP
START GROUP
LOAD c:/program files (x86)/cypress/psoc creator/4.4/psoc creator/import/gnu/arm/5.4.1/bin/../lib/gcc/arm-none-eabi/5.4.1/armv7-m\libgcc.a
LOAD c:/program files (x86)/cypress/psoc creator/4.4/psoc creator/import/gnu/arm/5.4.1/bin/../lib/gcc/arm-none-eabi/5.4.1/../../../../arm-none-eabi/lib/armv7-m\libg_nano.a
LOAD c:/program files (x86)/cypress/psoc creator/4.4/psoc creator/import/gnu/arm/5.4.1/bin/../lib/gcc/arm-none-eabi/5.4.1/../../../../arm-none-eabi/lib/armv7-m\libc_nano.a
END GROUP
START GROUP
LOAD c:/program files (x86)/cypress/psoc creator/4.4/psoc creator/import/gnu/arm/5.4.1/bin/../lib/gcc/arm-none-eabi/5.4.1/armv7-m\libgcc.a
LOAD c:/program files (x86)/cypress/psoc creator/4.4/psoc creator/import/gnu/arm/5.4.1/bin/../lib/gcc/arm-none-eabi/5.4.1/../../../../arm-none-eabi/lib/armv7-m\libc_nano.a
END GROUP
LOAD c:/program files (x86)/cypress/psoc creator/4.4/psoc creator/import/gnu/arm/5.4.1/bin/../lib/gcc/arm-none-eabi/5.4.1/armv7-m/crtend.o
LOAD c:/program files (x86)/cypress/psoc creator/4.4/psoc creator/import/gnu/arm/5.4.1/bin/../lib/gcc/arm-none-eabi/5.4.1/armv7-m/crtn.o
START GROUP
LOAD c:/program files (x86)/cypress/psoc creator/4.4/psoc creator/import/gnu/arm/5.4.1/bin/../lib/gcc/arm-none-eabi/5.4.1/armv7-m\libgcc.a
LOAD c:/program files (x86)/cypress/psoc creator/4.4/psoc creator/import/gnu/arm/5.4.1/bin/../lib/gcc/arm-none-eabi/5.4.1/../../../../arm-none-eabi/lib/armv7-m\libc.a
LOAD c:/program files (x86)/cypress/psoc creator/4.4/psoc creator/import/gnu/arm/5.4.1/bin/../lib/gcc/arm-none-eabi/5.4.1/../../../../arm-none-eabi/lib/armv7-m\libnosys.a
END GROUP
                0x00000000                CY_APPL_ORIGIN = 0x0
                0x00000100                CY_FLASH_ROW_SIZE = 0x100
                0x00000020                CY_ECC_ROW_SIZE = 0x20
                0x00000000                CY_EE_IN_BTLDR = 0x0
                0x00000000                CY_APPL_LOADABLE = 0x0
                0x00000800                CY_EE_SIZE = 0x800
                0x00000001                CY_APPL_NUM = 0x1
                0x00000001                CY_APPL_MAX = 0x1
                0x00000040                CY_METADATA_SIZE = 0x40
                0x00000000                CY_APPL_LOADABLE = 0x0
                0x00000000                CY_CHECKSUM_EXCLUDE_SIZE = ALIGN (0x0, CY_FLASH_ROW_SIZE)
                [!provide]                PROVIDE (__cy_heap_start, _end)
                0x00000001                PROVIDE (__cy_region_num, ((__cy_regions_end - __cy_regions) / 0x10))
                0x20008000                PROVIDE (__cy_stack, (ORIGIN (ram) + LENGTH (ram)))
                [!provide]                PROVIDE (__cy_heap_end, (__cy_stack - 0x800))

.cybootloader   0x00000000        0x0
 *(.cybootloader)
                0x00000000                appl1_start = CY_APPL_ORIGIN?CY_APPL_ORIGIN:ALIGN (CY_FLASH_ROW_SIZE)
                0x0001ff00                appl2_start = (appl1_start + ALIGN ((((LENGTH (rom) - appl1_start) - (0x2 * CY_FLASH_ROW_SIZE)) / 0x2), CY_FLASH_ROW_SIZE))
                0x00000000                appl_start = (CY_APPL_NUM == 0x1)?appl1_start:appl2_start
                0x00000000                ecc_offset = ((appl_start / CY_FLASH_ROW_SIZE) * CY_ECC_ROW_SIZE)
                0x00000000                ee_offset = (CY_APPL_LOADABLE && ! (CY_EE_IN_BTLDR))?((CY_EE_SIZE / CY_APPL_MAX) * (CY_APPL_NUM - 0x1)):0x0
                0x00000800                ee_size = (CY_APPL_LOADABLE && ! (CY_EE_IN_BTLDR))?(CY_EE_SIZE / CY_APPL_MAX):CY_EE_SIZE
                [!provide]                PROVIDE (CY_ECC_OFFSET, ecc_offset)

.text           0x00000000     0x237c
 CREATE_OBJECT_SYMBOLS
                0x00000000                PROVIDE (__cy_interrupt_vector, RomVectors)
 *(.romvectors)
 .romvectors    0x00000000       0x10 .\CortexM3\ARM_GCC_541\Debug\Cm3Start.o
                0x00000000                RomVectors
                0x00000001                ASSERT ((. != __cy_interrupt_vector), No interrupt vector)
                0x00000001                ASSERT (CY_APPL_ORIGIN?(SIZEOF (.cybootloader) <= CY_APPL_ORIGIN):0x1, Wrong image location)
                0x00000010                PROVIDE (__cy_reset, Reset)
 *(.text.Reset)
 .text.Reset    0x00000010       0x1c .\CortexM3\ARM_GCC_541\Debug\Cm3Start.o
                0x00000010                Reset
                0x00000001                ASSERT ((. != __cy_reset), No reset code)
 *(.dma_init)
                0x00000001                ASSERT ((((appl_start + .) <= 0x10000) || 0x1), DMA Init must be within the first 64k of flash)
 *(.text .text.* .gnu.linkonce.t.*)
 .text          0x0000002c       0x5c c:/program files (x86)/cypress/psoc creator/4.4/psoc creator/import/gnu/arm/5.4.1/bin/../lib/gcc/arm-none-eabi/5.4.1/armv7-m/crtbegin.o
 .text.main     0x00000088       0x10 .\CortexM3\ARM_GCC_541\Debug\main.o
                0x00000088                main
 .text.CYMEMZERO
                0x00000098       0x1c .\CortexM3\ARM_GCC_541\Debug\cyfitter_cfg.o
 .text.CYCONFIGCPY
                0x000000b4       0x20 .\CortexM3\ARM_GCC_541\Debug\cyfitter_cfg.o
 .text.CYCONFIGCPYCODE
                0x000000d4       0x20 .\CortexM3\ARM_GCC_541\Debug\cyfitter_cfg.o
 .text.CyClockStartupError
                0x000000f4        0xc .\CortexM3\ARM_GCC_541\Debug\cyfitter_cfg.o
 .text.cfg_write_bytes32
                0x00000100       0x74 .\CortexM3\ARM_GCC_541\Debug\cyfitter_cfg.o
 .text.ClockSetup
                0x00000174      0x114 .\CortexM3\ARM_GCC_541\Debug\cyfitter_cfg.o
 .text.AnalogSetDefault
                0x00000288       0x44 .\CortexM3\ARM_GCC_541\Debug\cyfitter_cfg.o
 .text.cyfitter_cfg
                0x000002cc      0x180 .\CortexM3\ARM_GCC_541\Debug\cyfitter_cfg.o
                0x000002cc                cyfitter_cfg
 .text.IntDefaultHandler
                0x0000044c       0x14 .\CortexM3\ARM_GCC_541\Debug\Cm3Start.o
                0x0000044c                IntDefaultHandler
 .text.Start_c  0x00000460       0x98 .\CortexM3\ARM_GCC_541\Debug\Cm3Start.o
                0x00000460                Start_c
 .text.initialize_psoc
                0x000004f8       0x90 .\CortexM3\ARM_GCC_541\Debug\Cm3Start.o
                0x000004f8                initialize_psoc
 .text.Bootloader_CalcPacketChecksum
                0x00000588       0x40 .\CortexM3\ARM_GCC_541\Debug\CY8CKIT-059_Bootloader.a(Bootloader.o)
 .text.Bootloader_Calc8BitSum
                0x000005c8       0x54 .\CortexM3\ARM_GCC_541\Debug\CY8CKIT-059_Bootloader.a(Bootloader.o)
                0x000005c8                Bootloader_Calc8BitSum
 .text.Bootloader_Start
                0x0000061c       0x9c .\CortexM3\ARM_GCC_541\Debug\CY8CKIT-059_Bootloader.a(Bootloader.o)
                0x0000061c                Bootloader_Start
 .text.Bootloader_LaunchApplication
                0x000006b8       0x18 .\CortexM3\ARM_GCC_541\Debug\CY8CKIT-059_Bootloader.a(Bootloader.o)
 .text.CyBtldr_CheckLaunch
                0x000006d0       0x4c .\CortexM3\ARM_GCC_541\Debug\CY8CKIT-059_Bootloader.a(Bootloader.o)
                0x000006d0                CyBtldr_CheckLaunch
 .text.Bootloader_LaunchBootloadable
                0x0000071c        0x4 .\CortexM3\ARM_GCC_541\Debug\CY8CKIT-059_Bootloader.a(Bootloader.o)
 .text.Bootloader_ValidateBootloadable
                0x00000720       0xec .\CortexM3\ARM_GCC_541\Debug\CY8CKIT-059_Bootloader.a(Bootloader.o)
                0x00000720                Bootloader_ValidateBootloadable
 .text.Bootloader_HostLink
                0x0000080c      0x778 .\CortexM3\ARM_GCC_541\Debug\CY8CKIT-059_Bootloader.a(Bootloader.o)
 .text.Bootloader_WritePacket
                0x00000f84       0x90 .\CortexM3\ARM_GCC_541\Debug\CY8CKIT-059_Bootloader.a(Bootloader.o)
 .text.Bootloader_GetMetadata
                0x00001014      0x200 .\CortexM3\ARM_GCC_541\Debug\CY8CKIT-059_Bootloader.a(Bootloader.o)
                0x00001014                Bootloader_GetMetadata
 .text.PWM_Start
                0x00001214       0x24 .\CortexM3\ARM_GCC_541\Debug\CY8CKIT-059_Bootloader.a(PWM.o)
                0x00001214                PWM_Start
 .text.PWM_Init
                0x00001238       0xbc .\CortexM3\ARM_GCC_541\Debug\CY8CKIT-059_Bootloader.a(PWM.o)
                0x00001238                PWM_Init
 .text.PWM_Enable
                0x000012f4       0x48 .\CortexM3\ARM_GCC_541\Debug\CY8CKIT-059_Bootloader.a(PWM.o)
                0x000012f4                PWM_Enable
 .text.PWM_WritePeriod
                0x0000133c       0x20 .\CortexM3\ARM_GCC_541\Debug\CY8CKIT-059_Bootloader.a(PWM.o)
                0x0000133c                PWM_WritePeriod
 .text.PWM_WriteCompare
                0x0000135c       0x20 .\CortexM3\ARM_GCC_541\Debug\CY8CKIT-059_Bootloader.a(PWM.o)
                0x0000135c                PWM_WriteCompare
 .text.PWM_SetInterruptMode
                0x0000137c       0x20 .\CortexM3\ARM_GCC_541\Debug\CY8CKIT-059_Bootloader.a(PWM.o)
                0x0000137c                PWM_SetInterruptMode
 .text.CySetTempInt
                0x0000139c       0x7c .\CortexM3\ARM_GCC_541\Debug\CY8CKIT-059_Bootloader.a(CyFlash.o)
 .text.CyFlashGetSpcAlgorithm
                0x00001418       0x70 .\CortexM3\ARM_GCC_541\Debug\CY8CKIT-059_Bootloader.a(CyFlash.o)
                0x00001418                CyFlashGetSpcAlgorithm
 .text.CySetTemp
                0x00001488       0x24 .\CortexM3\ARM_GCC_541\Debug\CY8CKIT-059_Bootloader.a(CyFlash.o)
                0x00001488                CySetTemp
 .text.CyWriteRowFull
                0x000014ac      0x154 .\CortexM3\ARM_GCC_541\Debug\CY8CKIT-059_Bootloader.a(CyFlash.o)
                0x000014ac                CyWriteRowFull
 .text.CyEEPROM_Start
                0x00001600       0x8c .\CortexM3\ARM_GCC_541\Debug\CY8CKIT-059_Bootloader.a(CyFlash.o)
                0x00001600                CyEEPROM_Start
 .text.CyHalt   0x0000168c       0x18 .\CortexM3\ARM_GCC_541\Debug\CY8CKIT-059_Bootloader.a(CyLib.o)
                0x0000168c                CyHalt
 .text.CySoftwareReset
                0x000016a4       0x20 .\CortexM3\ARM_GCC_541\Debug\CY8CKIT-059_Bootloader.a(CyLib.o)
                0x000016a4                CySoftwareReset
 .text.CyDelay  0x000016c4       0x44 .\CortexM3\ARM_GCC_541\Debug\CY8CKIT-059_Bootloader.a(CyLib.o)
                0x000016c4                CyDelay
 .text.CyDelayUs
                0x00001708       0x28 .\CortexM3\ARM_GCC_541\Debug\CY8CKIT-059_Bootloader.a(CyLib.o)
                0x00001708                CyDelayUs
 .text.CyFlushCache
                0x00001730       0x5c .\CortexM3\ARM_GCC_541\Debug\CY8CKIT-059_Bootloader.a(CyLib.o)
                0x00001730                CyFlushCache
 .text.CyIntSetVector
                0x0000178c       0x50 .\CortexM3\ARM_GCC_541\Debug\CY8CKIT-059_Bootloader.a(CyLib.o)
                0x0000178c                CyIntSetVector
 .text.CyIntSetPriority
                0x000017dc       0x48 .\CortexM3\ARM_GCC_541\Debug\CY8CKIT-059_Bootloader.a(CyLib.o)
                0x000017dc                CyIntSetPriority
 .text.CySpcStart
                0x00001824       0x48 .\CortexM3\ARM_GCC_541\Debug\CY8CKIT-059_Bootloader.a(CySpc.o)
                0x00001824                CySpcStart
 .text.CySpcReadData
                0x0000186c       0x54 .\CortexM3\ARM_GCC_541\Debug\CY8CKIT-059_Bootloader.a(CySpc.o)
                0x0000186c                CySpcReadData
 .text.CySpcLoadRowFull
                0x000018c0       0xcc .\CortexM3\ARM_GCC_541\Debug\CY8CKIT-059_Bootloader.a(CySpc.o)
                0x000018c0                CySpcLoadRowFull
 .text.CySpcWriteRow
                0x0000198c       0x98 .\CortexM3\ARM_GCC_541\Debug\CY8CKIT-059_Bootloader.a(CySpc.o)
                0x0000198c                CySpcWriteRow
 .text.CySpcGetTemp
                0x00001a24       0x64 .\CortexM3\ARM_GCC_541\Debug\CY8CKIT-059_Bootloader.a(CySpc.o)
                0x00001a24                CySpcGetTemp
 .text.CySpcLock
                0x00001a88       0x68 .\CortexM3\ARM_GCC_541\Debug\CY8CKIT-059_Bootloader.a(CySpc.o)
                0x00001a88                CySpcLock
 .text.CySpcUnlock
                0x00001af0       0x50 .\CortexM3\ARM_GCC_541\Debug\CY8CKIT-059_Bootloader.a(CySpc.o)
                0x00001af0                CySpcUnlock
 .text.CySpcGetAlgorithm
                0x00001b40       0x44 .\CortexM3\ARM_GCC_541\Debug\CY8CKIT-059_Bootloader.a(CySpc.o)
                0x00001b40                CySpcGetAlgorithm
 *fill*         0x00001b84        0x4 
 .text          0x00001b88       0x20 .\CortexM3\ARM_GCC_541\Debug\CY8CKIT-059_Bootloader.a(CyBootAsmGnu.o)
                0x00001b88                CyDelayCycles
                0x00001b98                CyEnterCriticalSection
                0x00001ba0                CyExitCriticalSection
 .text.UART_CyBtldrCommStart
                0x00001ba8       0x14 .\CortexM3\ARM_GCC_541\Debug\CY8CKIT-059_Bootloader.a(UART_BOOT.o)
                0x00001ba8                UART_CyBtldrCommStart
 .text.UART_CyBtldrCommStop
                0x00001bbc        0xc .\CortexM3\ARM_GCC_541\Debug\CY8CKIT-059_Bootloader.a(UART_BOOT.o)
                0x00001bbc                UART_CyBtldrCommStop
 .text.UART_CyBtldrCommWrite
                0x00001bc8       0x4c .\CortexM3\ARM_GCC_541\Debug\CY8CKIT-059_Bootloader.a(UART_BOOT.o)
                0x00001bc8                UART_CyBtldrCommWrite
 .text.UART_CyBtldrCommRead
                0x00001c14       0xf4 .\CortexM3\ARM_GCC_541\Debug\CY8CKIT-059_Bootloader.a(UART_BOOT.o)
                0x00001c14                UART_CyBtldrCommRead
 .text.UART_Start
                0x00001d08       0x24 .\CortexM3\ARM_GCC_541\Debug\CY8CKIT-059_Bootloader.a(UART.o)
                0x00001d08                UART_Start
 .text.UART_Init
                0x00001d2c       0x6c .\CortexM3\ARM_GCC_541\Debug\CY8CKIT-059_Bootloader.a(UART.o)
                0x00001d2c                UART_Init
 .text.UART_Enable
                0x00001d98       0x78 .\CortexM3\ARM_GCC_541\Debug\CY8CKIT-059_Bootloader.a(UART.o)
                0x00001d98                UART_Enable
 .text.UART_Stop
                0x00001e10       0x70 .\CortexM3\ARM_GCC_541\Debug\CY8CKIT-059_Bootloader.a(UART.o)
                0x00001e10                UART_Stop
 .text.UART_ReadRxData
                0x00001e80       0x90 .\CortexM3\ARM_GCC_541\Debug\CY8CKIT-059_Bootloader.a(UART.o)
                0x00001e80                UART_ReadRxData
 .text.UART_GetRxBufferSize
                0x00001f10       0x90 .\CortexM3\ARM_GCC_541\Debug\CY8CKIT-059_Bootloader.a(UART.o)
                0x00001f10                UART_GetRxBufferSize
 .text.UART_ClearRxBuffer
                0x00001fa0       0x80 .\CortexM3\ARM_GCC_541\Debug\CY8CKIT-059_Bootloader.a(UART.o)
                0x00001fa0                UART_ClearRxBuffer
 .text.UART_PutChar
                0x00002020       0xb8 .\CortexM3\ARM_GCC_541\Debug\CY8CKIT-059_Bootloader.a(UART.o)
                0x00002020                UART_PutChar
 .text.UART_ClearTxBuffer
                0x000020d8       0x6c .\CortexM3\ARM_GCC_541\Debug\CY8CKIT-059_Bootloader.a(UART.o)
                0x000020d8                UART_ClearTxBuffer
 .text.UART_RXISR
                0x00002144       0xd8 .\CortexM3\ARM_GCC_541\Debug\CY8CKIT-059_Bootloader.a(UART_INT.o)
                0x00002144                UART_RXISR
 .text.UART_TXISR
                0x0000221c       0x70 .\CortexM3\ARM_GCC_541\Debug\CY8CKIT-059_Bootloader.a(UART_INT.o)
                0x0000221c                UART_TXISR
 .text.UART_IntClock_Start
                0x0000228c       0x34 .\CortexM3\ARM_GCC_541\Debug\CY8CKIT-059_Bootloader.a(UART_IntClock.o)
                0x0000228c                UART_IntClock_Start
 .text.UART_IntClock_Stop
                0x000022c0       0x34 .\CortexM3\ARM_GCC_541\Debug\CY8CKIT-059_Bootloader.a(UART_IntClock.o)
                0x000022c0                UART_IntClock_Stop
 .text.__errno  0x000022f4        0xc c:/program files (x86)/cypress/psoc creator/4.4/psoc creator/import/gnu/arm/5.4.1/bin/../lib/gcc/arm-none-eabi/5.4.1/../../../../arm-none-eabi/lib/armv7-m\libg_nano.a(lib_a-errno.o)
                0x000022f4                __errno
 .text.__libc_init_array
                0x00002300       0x4c c:/program files (x86)/cypress/psoc creator/4.4/psoc creator/import/gnu/arm/5.4.1/bin/../lib/gcc/arm-none-eabi/5.4.1/../../../../arm-none-eabi/lib/armv7-m\libg_nano.a(lib_a-init.o)
                0x00002300                __libc_init_array
 .text.memcpy   0x0000234c       0x16 c:/program files (x86)/cypress/psoc creator/4.4/psoc creator/import/gnu/arm/5.4.1/bin/../lib/gcc/arm-none-eabi/5.4.1/../../../../arm-none-eabi/lib/armv7-m\libg_nano.a(lib_a-memcpy-stub.o)
                0x0000234c                memcpy
 .text.memset   0x00002362       0x10 c:/program files (x86)/cypress/psoc creator/4.4/psoc creator/import/gnu/arm/5.4.1/bin/../lib/gcc/arm-none-eabi/5.4.1/../../../../arm-none-eabi/lib/armv7-m\libg_nano.a(lib_a-memset.o)
                0x00002362                memset
 *(.plt)
 *(.gnu.warning)
 *(.glue_7t)
 .glue_7t       0x00002372        0x0 linker stubs
 *(.glue_7)
 .glue_7        0x00002372        0x0 linker stubs
 *(.vfp11_veneer)
 .vfp11_veneer  0x00002372        0x0 linker stubs
 *(.bootloader)
 *fill*         0x00002372        0x2 
 .bootloader    0x00002374        0x8 .\CortexM3\ARM_GCC_541\Debug\CY8CKIT-059_Bootloader.a(Bootloader.o)
                0x00002374                Bootloader_Checksum
                0x00002378                Bootloader_SizeBytes
 *(.ARM.extab* .gnu.linkonce.armextab.*)
 *(.gcc_except_table)

.v4_bx          0x0000237c        0x0
 .v4_bx         0x0000237c        0x0 linker stubs

.iplt           0x0000237c        0x0
 .iplt          0x0000237c        0x0 c:/program files (x86)/cypress/psoc creator/4.4/psoc creator/import/gnu/arm/5.4.1/bin/../lib/gcc/arm-none-eabi/5.4.1/armv7-m/crtbegin.o

.eh_frame_hdr
 *(.eh_frame_hdr)

.eh_frame       0x0000237c        0x4
 *(.eh_frame)
 .eh_frame      0x0000237c        0x0 c:/program files (x86)/cypress/psoc creator/4.4/psoc creator/import/gnu/arm/5.4.1/bin/../lib/gcc/arm-none-eabi/5.4.1/armv7-m/crtbegin.o
 .eh_frame      0x0000237c        0x4 c:/program files (x86)/cypress/psoc creator/4.4/psoc creator/import/gnu/arm/5.4.1/bin/../lib/gcc/arm-none-eabi/5.4.1/armv7-m/crtend.o
                [!provide]                PROVIDE (__exidx_start, .)

.ARM.exidx
 *(.ARM.exidx* .gnu.linkonce.armexidx.*)
                0x00002380                __exidx_end = .

.rodata         0x00002380      0x438
 *(.rodata .rodata.* .gnu.linkonce.r.*)
 .rodata        0x00002380      0x3f2 .\CortexM3\ARM_GCC_541\Debug\cyfitter_cfg.o
 *fill*         0x00002772        0x2 
 .rodata        0x00002774        0x8 .\CortexM3\ARM_GCC_541\Debug\CY8CKIT-059_Bootloader.a(Bootloader.o)
 .rodata.str1.1
                0x0000277c        0x2 c:/program files (x86)/cypress/psoc creator/4.4/psoc creator/import/gnu/arm/5.4.1/bin/../lib/gcc/arm-none-eabi/5.4.1/../../../../arm-none-eabi/lib/armv7-m\libg_nano.a(lib_a-impure.o)
                0x00002780                . = ALIGN (0x4)
 *fill*         0x0000277e        0x2 
 *(.init)
 .init          0x00002780        0x4 c:/program files (x86)/cypress/psoc creator/4.4/psoc creator/import/gnu/arm/5.4.1/bin/../lib/gcc/arm-none-eabi/5.4.1/armv7-m/crti.o
                0x00002780                _init
 .init          0x00002784        0x8 c:/program files (x86)/cypress/psoc creator/4.4/psoc creator/import/gnu/arm/5.4.1/bin/../lib/gcc/arm-none-eabi/5.4.1/armv7-m/crtn.o
                0x0000278c                . = ALIGN (0x4)
                0x0000278c                __preinit_array_start = .
 *(.preinit_array)
                0x0000278c                __preinit_array_end = .
                0x0000278c                . = ALIGN (0x4)
                0x0000278c                __init_array_start = .
 *(SORT(.init_array.*))
 *(.init_array)
 .init_array    0x0000278c        0x4 c:/program files (x86)/cypress/psoc creator/4.4/psoc creator/import/gnu/arm/5.4.1/bin/../lib/gcc/arm-none-eabi/5.4.1/armv7-m/crtbegin.o
 .init_array    0x00002790        0x4 .\CortexM3\ARM_GCC_541\Debug\Cm3Start.o
                0x00002794                __init_array_end = .
                0x00002794                . = ALIGN (0x4)
 *(.fini)
 .fini          0x00002794        0x4 c:/program files (x86)/cypress/psoc creator/4.4/psoc creator/import/gnu/arm/5.4.1/bin/../lib/gcc/arm-none-eabi/5.4.1/armv7-m/crti.o
                0x00002794                _fini
 .fini          0x00002798        0x8 c:/program files (x86)/cypress/psoc creator/4.4/psoc creator/import/gnu/arm/5.4.1/bin/../lib/gcc/arm-none-eabi/5.4.1/armv7-m/crtn.o
                0x000027a0                . = ALIGN (0x4)
                0x000027a0                __fini_array_start = .
 *(.fini_array)
 .fini_array    0x000027a0        0x4 c:/program files (x86)/cypress/psoc creator/4.4/psoc creator/import/gnu/arm/5.4.1/bin/../lib/gcc/arm-none-eabi/5.4.1/armv7-m/crtbegin.o
 *(SORT(.fini_array.*))
                0x000027a4                __fini_array_end = .
                0x000027a4                . = ALIGN (0x4)
 *crtbegin.o(.ctors)
 *(EXCLUDE_FILE(*crtend.o) .ctors)
 *(SORT(.ctors.*))
 *crtend.o(.ctors)
                0x000027a4                . = ALIGN (0x4)
 *crtbegin.o(.dtors)
 *(EXCLUDE_FILE(*crtend.o) .dtors)
 *(SORT(.dtors.*))
 *crtend.o(.dtors)
                0x000027a4                . = ALIGN (0x4)
                0x000027a4                __cy_regions = .
                0x000027a4        0x4 LONG 0x27b8 __cy_region_init_ram
                0x000027a8        0x4 LONG 0x1fff80c8 __cy_region_start_data
                0x000027ac        0x4 LONG 0x80 __cy_region_init_size_ram
                0x000027b0        0x4 LONG 0xc0 __cy_region_zero_size_ram
                0x000027b4                __cy_regions_end = .
                0x000027b8                . = ALIGN (0x8)
 *fill*         0x000027b4        0x4 
                0x000027b8                _etext = .

.cy_checksum_exclude
                0x000027b8        0x0
 *(.cy_checksum_exclude)

.ramvectors     0x1fff8000       0xc0
                0x1fff8000                __cy_region_start_ram = .
 *(.ramvectors)
 .ramvectors    0x1fff8000       0xc0 .\CortexM3\ARM_GCC_541\Debug\Cm3Start.o
                0x1fff8000                CyRamVectors

.noinit         0x1fff80c0        0x5
 *(.noinit)
 .noinit        0x1fff80c0        0x4 .\CortexM3\ARM_GCC_541\Debug\Cm3Start.o
 .noinit        0x1fff80c4        0x1 .\CortexM3\ARM_GCC_541\Debug\CY8CKIT-059_Bootloader.a(CyLib.o)
                0x1fff80c4                CyResetStatus

.data           0x1fff80c8       0x80 load address 0x000027b8
                0x1fff80c8                __cy_region_start_data = .
 *(.jcr)
 .jcr           0x1fff80c8        0x0 c:/program files (x86)/cypress/psoc creator/4.4/psoc creator/import/gnu/arm/5.4.1/bin/../lib/gcc/arm-none-eabi/5.4.1/armv7-m/crtbegin.o
 .jcr           0x1fff80c8        0x4 c:/program files (x86)/cypress/psoc creator/4.4/psoc creator/import/gnu/arm/5.4.1/bin/../lib/gcc/arm-none-eabi/5.4.1/armv7-m/crtend.o
 *(.got.plt)
 *(.got)
 *(.shdata)
 *(.data .data.* .gnu.linkonce.d.*)
 .data          0x1fff80cc        0x8 .\CortexM3\ARM_GCC_541\Debug\CY8CKIT-059_Bootloader.a(Bootloader.o)
                0x1fff80cc                Bootloader_ChecksumAccess
                0x1fff80d0                Bootloader_SizeBytesAccess
 .data          0x1fff80d4       0x10 .\CortexM3\ARM_GCC_541\Debug\CY8CKIT-059_Bootloader.a(CyLib.o)
                0x1fff80d4                cydelay_freq_hz
                0x1fff80d8                cydelay_freq_khz
                0x1fff80dc                cydelay_freq_mhz
                0x1fff80e0                cydelay_32k_ms
 .data.impure_data
                0x1fff80e4       0x60 c:/program files (x86)/cypress/psoc creator/4.4/psoc creator/import/gnu/arm/5.4.1/bin/../lib/gcc/arm-none-eabi/5.4.1/../../../../arm-none-eabi/lib/armv7-m\libg_nano.a(lib_a-impure.o)
 .data._impure_ptr
                0x1fff8144        0x4 c:/program files (x86)/cypress/psoc creator/4.4/psoc creator/import/gnu/arm/5.4.1/bin/../lib/gcc/arm-none-eabi/5.4.1/../../../../arm-none-eabi/lib/armv7-m\libg_nano.a(lib_a-impure.o)
                0x1fff8144                _impure_ptr
                0x1fff8148                . = ALIGN (0x8)
 *(.ram)
                0x1fff8148                _edata = .

.igot.plt       0x1fff8148        0x0 load address 0x00002838
 .igot.plt      0x1fff8148        0x0 c:/program files (x86)/cypress/psoc creator/4.4/psoc creator/import/gnu/arm/5.4.1/bin/../lib/gcc/arm-none-eabi/5.4.1/armv7-m/crtbegin.o

.bss            0x1fff8148       0xc0 load address 0x00002838
                0x1fff8148                PROVIDE (__bss_start__, .)
 *(.shbss)
 *(.bss .bss.* .gnu.linkonce.b.*)
 .bss           0x1fff8148       0x1c c:/program files (x86)/cypress/psoc creator/4.4/psoc creator/import/gnu/arm/5.4.1/bin/../lib/gcc/arm-none-eabi/5.4.1/armv7-m/crtbegin.o
 .bss           0x1fff8164        0x4 .\CortexM3\ARM_GCC_541\Debug\CY8CKIT-059_Bootloader.a(Bootloader.o)
 .bss           0x1fff8168        0x1 .\CortexM3\ARM_GCC_541\Debug\CY8CKIT-059_Bootloader.a(PWM.o)
                0x1fff8168                PWM_initVar
 *fill*         0x1fff8169        0x3 
 .bss           0x1fff816c        0x8 .\CortexM3\ARM_GCC_541\Debug\CY8CKIT-059_Bootloader.a(CySpc.o)
                0x1fff816c                SpcLockState
 .bss           0x1fff8174        0x9 .\CortexM3\ARM_GCC_541\Debug\CY8CKIT-059_Bootloader.a(UART.o)
                0x1fff8174                UART_initVar
                0x1fff8175                UART_txBufferRead
                0x1fff8176                UART_txBufferWrite
                0x1fff8177                UART_errorStatus
                0x1fff8178                UART_rxBufferRead
                0x1fff8179                UART_rxBufferWrite
                0x1fff817a                UART_rxBufferLoopDetect
                0x1fff817b                UART_rxBufferOverflow
 *(COMMON)
 *fill*         0x1fff817d        0x3 
 COMMON         0x1fff8180        0x2 .\CortexM3\ARM_GCC_541\Debug\CY8CKIT-059_Bootloader.a(CyFlash.o)
                0x1fff8180                dieTemperature
 *fill*         0x1fff8182        0x2 
 COMMON         0x1fff8184       0x80 .\CortexM3\ARM_GCC_541\Debug\CY8CKIT-059_Bootloader.a(UART.o)
                0x1fff8184                UART_rxBuffer
                0x1fff81c4                UART_txBuffer
                0x1fff8208                . = ALIGN (0x8)
 *fill*         0x1fff8204        0x4 
 *(.ram.b)
                0x1fff8208                _end = .
                0x1fff8208                __end = .
                0x1fff8208                PROVIDE (end, .)
                0x1fff8208                PROVIDE (__bss_end__, .)
                0x000027b8                __cy_region_init_ram = LOADADDR (.data)
                0x00000080                __cy_region_init_size_ram = (_edata - ADDR (.data))
                0x000000c0                __cy_region_zero_size_ram = (_end - _edata)

.heap           0x1fff8208       0x80 load address 0x00002838
                0x1fff8208                . = _end
                0x1fff8288                . = (. + 0x80)
 *fill*         0x1fff8208       0x80 
                0x1fff8288                __cy_heap_limit = .

.stack          0x20007800      0x800
                0x20007800                __cy_stack_limit = .
                0x20008000                . = (. + 0x800)
 *fill*         0x20007800      0x800 
                0x00000001                ASSERT ((__cy_stack_limit >= __cy_heap_limit), region RAM overflowed with stack)
                0x00000000                cy_checksum_exclude_size = (CY_APPL_LOADABLE == 0x1)?SIZEOF (.cy_checksum_exclude):0x0
                0x00000001                ASSERT ((cy_checksum_exclude_size <= CY_CHECKSUM_EXCLUDE_SIZE), CY_BOOT: Section .cy_checksum_exclude size exceedes specified limit.)

.cyloadermeta   0x0003ffc0       0x40
 *(.cyloadermeta)
 .cyloadermeta  0x0003ffc0       0x40 .\CortexM3\ARM_GCC_541\Debug\cymetadata.o
                0x0003ffc0                cy_meta_loader

.cyloadablemeta
 *(.cyloadablemeta)

.cyconfigecc    0x80000000        0x1
 *(.cyconfigecc)
 .cyconfigecc   0x80000000        0x1 .\CortexM3\ARM_GCC_541\Debug\cymetadata.o
                0x80000000                cy_meta_configecc

.cycustnvl      0x90000000        0x4
 *(.cycustnvl)
 .cycustnvl     0x90000000        0x4 .\CortexM3\ARM_GCC_541\Debug\cymetadata.o
                0x90000000                cy_meta_custnvl

.cywolatch      0x90100000        0x4
 *(.cywolatch)
 .cywolatch     0x90100000        0x4 .\CortexM3\ARM_GCC_541\Debug\cymetadata.o
                0x90100000                cy_meta_wonvl

.cyeeprom       0x90200000        0x0
 *(.cyeeprom)
                0x00000001                ASSERT ((. <= ((0x90200000 + ee_offset) + ee_size)), .cyeeprom data will not fit in EEPROM)

.cyflashprotect
                0x90400000      0x100
 *(.cyflashprotect)
 .cyflashprotect
                0x90400000      0x100 .\CortexM3\ARM_GCC_541\Debug\cymetadata.o
                0x90400000                cy_meta_flashprotect

.cymeta         0x90500000        0xc
 *(.cymeta)
 .cymeta        0x90500000        0xc .\CortexM3\ARM_GCC_541\Debug\cymetadata.o
                0x90500000                cy_metadata

.rel.dyn        0x00002838        0x0 load address 0x9050000c
 .rel.iplt      0x00002838        0x0 c:/program files (x86)/cypress/psoc creator/4.4/psoc creator/import/gnu/arm/5.4.1/bin/../lib/gcc/arm-none-eabi/5.4.1/armv7-m/crtbegin.o

.stab
 *(.stab)

.stabstr
 *(.stabstr)

.debug
 *(.debug)

.line
 *(.line)

.debug_srcinfo
 *(.debug_srcinfo)

.debug_sfnames
 *(.debug_sfnames)

.debug_aranges  0x00000000      0x800
 *(.debug_aranges)
 .debug_aranges
                0x00000000       0x20 .\CortexM3\ARM_GCC_541\Debug\main.o
 .debug_aranges
                0x00000020       0x60 .\CortexM3\ARM_GCC_541\Debug\cyfitter_cfg.o
 .debug_aranges
                0x00000080       0x18 .\CortexM3\ARM_GCC_541\Debug\cymetadata.o
 .debug_aranges
                0x00000098       0x48 .\CortexM3\ARM_GCC_541\Debug\Cm3Start.o
 .debug_aranges
                0x000000e0       0x80 .\CortexM3\ARM_GCC_541\Debug\CY8CKIT-059_Bootloader.a(Bootloader.o)
 .debug_aranges
                0x00000160       0x78 .\CortexM3\ARM_GCC_541\Debug\CY8CKIT-059_Bootloader.a(PWM.o)
 .debug_aranges
                0x000001d8       0x88 .\CortexM3\ARM_GCC_541\Debug\CY8CKIT-059_Bootloader.a(CyFlash.o)
 .debug_aranges
                0x00000260      0x2a0 .\CortexM3\ARM_GCC_541\Debug\CY8CKIT-059_Bootloader.a(CyLib.o)
 .debug_aranges
                0x00000500       0x98 .\CortexM3\ARM_GCC_541\Debug\CY8CKIT-059_Bootloader.a(cyPm.o)
 .debug_aranges
                0x00000598       0x80 .\CortexM3\ARM_GCC_541\Debug\CY8CKIT-059_Bootloader.a(CySpc.o)
 .debug_aranges
                0x00000618       0x20 .\CortexM3\ARM_GCC_541\Debug\CY8CKIT-059_Bootloader.a(CyBootAsmGnu.o)
 .debug_aranges
                0x00000638       0x40 .\CortexM3\ARM_GCC_541\Debug\CY8CKIT-059_Bootloader.a(UART_BOOT.o)
 .debug_aranges
                0x00000678       0xf0 .\CortexM3\ARM_GCC_541\Debug\CY8CKIT-059_Bootloader.a(UART.o)
 .debug_aranges
                0x00000768       0x28 .\CortexM3\ARM_GCC_541\Debug\CY8CKIT-059_Bootloader.a(UART_INT.o)
 .debug_aranges
                0x00000790       0x70 .\CortexM3\ARM_GCC_541\Debug\CY8CKIT-059_Bootloader.a(UART_IntClock.o)

.debug_pubnames
 *(.debug_pubnames)

.debug_info     0x00000000     0x3db6
 *(.debug_info .gnu.linkonce.wi.*)
 .debug_info    0x00000000       0xcb .\CortexM3\ARM_GCC_541\Debug\main.o
 .debug_info    0x000000cb      0x574 .\CortexM3\ARM_GCC_541\Debug\cyfitter_cfg.o
 .debug_info    0x0000063f      0x15a .\CortexM3\ARM_GCC_541\Debug\cymetadata.o
 .debug_info    0x00000799      0x32b .\CortexM3\ARM_GCC_541\Debug\Cm3Start.o
 .debug_info    0x00000ac4      0x7cf .\CortexM3\ARM_GCC_541\Debug\CY8CKIT-059_Bootloader.a(Bootloader.o)
 .debug_info    0x00001293      0x235 .\CortexM3\ARM_GCC_541\Debug\CY8CKIT-059_Bootloader.a(PWM.o)
 .debug_info    0x000014c8      0x3b9 .\CortexM3\ARM_GCC_541\Debug\CY8CKIT-059_Bootloader.a(CyFlash.o)
 .debug_info    0x00001881      0xe51 .\CortexM3\ARM_GCC_541\Debug\CY8CKIT-059_Bootloader.a(CyLib.o)
 .debug_info    0x000026d2      0x57a .\CortexM3\ARM_GCC_541\Debug\CY8CKIT-059_Bootloader.a(cyPm.o)
 .debug_info    0x00002c4c      0x4c0 .\CortexM3\ARM_GCC_541\Debug\CY8CKIT-059_Bootloader.a(CySpc.o)
 .debug_info    0x0000310c       0x8d .\CortexM3\ARM_GCC_541\Debug\CY8CKIT-059_Bootloader.a(CyBootAsmGnu.o)
 .debug_info    0x00003199      0x1f5 .\CortexM3\ARM_GCC_541\Debug\CY8CKIT-059_Bootloader.a(UART_BOOT.o)
 .debug_info    0x0000338e      0x648 .\CortexM3\ARM_GCC_541\Debug\CY8CKIT-059_Bootloader.a(UART.o)
 .debug_info    0x000039d6      0x183 .\CortexM3\ARM_GCC_541\Debug\CY8CKIT-059_Bootloader.a(UART_INT.o)
 .debug_info    0x00003b59      0x25d .\CortexM3\ARM_GCC_541\Debug\CY8CKIT-059_Bootloader.a(UART_IntClock.o)

.debug_abbrev   0x00000000     0x115a
 *(.debug_abbrev)
 .debug_abbrev  0x00000000       0x67 .\CortexM3\ARM_GCC_541\Debug\main.o
 .debug_abbrev  0x00000067      0x1c2 .\CortexM3\ARM_GCC_541\Debug\cyfitter_cfg.o
 .debug_abbrev  0x00000229       0x5d .\CortexM3\ARM_GCC_541\Debug\cymetadata.o
 .debug_abbrev  0x00000286      0x1d6 .\CortexM3\ARM_GCC_541\Debug\Cm3Start.o
 .debug_abbrev  0x0000045c      0x1ee .\CortexM3\ARM_GCC_541\Debug\CY8CKIT-059_Bootloader.a(Bootloader.o)
 .debug_abbrev  0x0000064a      0x116 .\CortexM3\ARM_GCC_541\Debug\CY8CKIT-059_Bootloader.a(PWM.o)
 .debug_abbrev  0x00000760      0x14b .\CortexM3\ARM_GCC_541\Debug\CY8CKIT-059_Bootloader.a(CyFlash.o)
 .debug_abbrev  0x000008ab      0x217 .\CortexM3\ARM_GCC_541\Debug\CY8CKIT-059_Bootloader.a(CyLib.o)
 .debug_abbrev  0x00000ac2      0x161 .\CortexM3\ARM_GCC_541\Debug\CY8CKIT-059_Bootloader.a(cyPm.o)
 .debug_abbrev  0x00000c23      0x16c .\CortexM3\ARM_GCC_541\Debug\CY8CKIT-059_Bootloader.a(CySpc.o)
 .debug_abbrev  0x00000d8f       0x14 .\CortexM3\ARM_GCC_541\Debug\CY8CKIT-059_Bootloader.a(CyBootAsmGnu.o)
 .debug_abbrev  0x00000da3       0x99 .\CortexM3\ARM_GCC_541\Debug\CY8CKIT-059_Bootloader.a(UART_BOOT.o)
 .debug_abbrev  0x00000e3c      0x15f .\CortexM3\ARM_GCC_541\Debug\CY8CKIT-059_Bootloader.a(UART.o)
 .debug_abbrev  0x00000f9b       0xa2 .\CortexM3\ARM_GCC_541\Debug\CY8CKIT-059_Bootloader.a(UART_INT.o)
 .debug_abbrev  0x0000103d      0x11d .\CortexM3\ARM_GCC_541\Debug\CY8CKIT-059_Bootloader.a(UART_IntClock.o)

.debug_line     0x00000000     0x24e0
 *(.debug_line)
 .debug_line    0x00000000      0x160 .\CortexM3\ARM_GCC_541\Debug\main.o
 .debug_line    0x00000160      0x21d .\CortexM3\ARM_GCC_541\Debug\cyfitter_cfg.o
 .debug_line    0x0000037d      0x141 .\CortexM3\ARM_GCC_541\Debug\cymetadata.o
 .debug_line    0x000004be      0x1dd .\CortexM3\ARM_GCC_541\Debug\Cm3Start.o
 .debug_line    0x0000069b      0x58a .\CortexM3\ARM_GCC_541\Debug\CY8CKIT-059_Bootloader.a(Bootloader.o)
 .debug_line    0x00000c25      0x13e .\CortexM3\ARM_GCC_541\Debug\CY8CKIT-059_Bootloader.a(PWM.o)
 .debug_line    0x00000d63      0x22f .\CortexM3\ARM_GCC_541\Debug\CY8CKIT-059_Bootloader.a(CyFlash.o)
 .debug_line    0x00000f92      0x883 .\CortexM3\ARM_GCC_541\Debug\CY8CKIT-059_Bootloader.a(CyLib.o)
 .debug_line    0x00001815      0x38e .\CortexM3\ARM_GCC_541\Debug\CY8CKIT-059_Bootloader.a(cyPm.o)
 .debug_line    0x00001ba3      0x231 .\CortexM3\ARM_GCC_541\Debug\CY8CKIT-059_Bootloader.a(CySpc.o)
 .debug_line    0x00001dd4       0x66 .\CortexM3\ARM_GCC_541\Debug\CY8CKIT-059_Bootloader.a(CyBootAsmGnu.o)
 .debug_line    0x00001e3a      0x106 .\CortexM3\ARM_GCC_541\Debug\CY8CKIT-059_Bootloader.a(UART_BOOT.o)
 .debug_line    0x00001f40      0x347 .\CortexM3\ARM_GCC_541\Debug\CY8CKIT-059_Bootloader.a(UART.o)
 .debug_line    0x00002287       0xad .\CortexM3\ARM_GCC_541\Debug\CY8CKIT-059_Bootloader.a(UART_INT.o)
 .debug_line    0x00002334      0x1ac .\CortexM3\ARM_GCC_541\Debug\CY8CKIT-059_Bootloader.a(UART_IntClock.o)

.debug_frame    0x00000000     0x2084
 *(.debug_frame)
 .debug_frame   0x00000000       0x2c .\CortexM3\ARM_GCC_541\Debug\main.o
 .debug_frame   0x0000002c      0x16c .\CortexM3\ARM_GCC_541\Debug\cyfitter_cfg.o
 .debug_frame   0x00000198       0xd8 .\CortexM3\ARM_GCC_541\Debug\Cm3Start.o
 .debug_frame   0x00000270      0x1f8 .\CortexM3\ARM_GCC_541\Debug\CY8CKIT-059_Bootloader.a(Bootloader.o)
 .debug_frame   0x00000468      0x1d0 .\CortexM3\ARM_GCC_541\Debug\CY8CKIT-059_Bootloader.a(PWM.o)
 .debug_frame   0x00000638      0x238 .\CortexM3\ARM_GCC_541\Debug\CY8CKIT-059_Bootloader.a(CyFlash.o)
 .debug_frame   0x00000870      0xc0c .\CortexM3\ARM_GCC_541\Debug\CY8CKIT-059_Bootloader.a(CyLib.o)
 .debug_frame   0x0000147c      0x234 .\CortexM3\ARM_GCC_541\Debug\CY8CKIT-059_Bootloader.a(cyPm.o)
 .debug_frame   0x000016b0      0x228 .\CortexM3\ARM_GCC_541\Debug\CY8CKIT-059_Bootloader.a(CySpc.o)
 .debug_frame   0x000018d8       0xb8 .\CortexM3\ARM_GCC_541\Debug\CY8CKIT-059_Bootloader.a(UART_BOOT.o)
 .debug_frame   0x00001990      0x428 .\CortexM3\ARM_GCC_541\Debug\CY8CKIT-059_Bootloader.a(UART.o)
 .debug_frame   0x00001db8       0x5c .\CortexM3\ARM_GCC_541\Debug\CY8CKIT-059_Bootloader.a(UART_INT.o)
 .debug_frame   0x00001e14      0x1b4 .\CortexM3\ARM_GCC_541\Debug\CY8CKIT-059_Bootloader.a(UART_IntClock.o)
 .debug_frame   0x00001fc8       0x20 c:/program files (x86)/cypress/psoc creator/4.4/psoc creator/import/gnu/arm/5.4.1/bin/../lib/gcc/arm-none-eabi/5.4.1/../../../../arm-none-eabi/lib/armv7-m\libg_nano.a(lib_a-errno.o)
 .debug_frame   0x00001fe8       0x28 c:/program files (x86)/cypress/psoc creator/4.4/psoc creator/import/gnu/arm/5.4.1/bin/../lib/gcc/arm-none-eabi/5.4.1/../../../../arm-none-eabi/lib/armv7-m\libg_nano.a(lib_a-exit.o)
 .debug_frame   0x00002010       0x2c c:/program files (x86)/cypress/psoc creator/4.4/psoc creator/import/gnu/arm/5.4.1/bin/../lib/gcc/arm-none-eabi/5.4.1/../../../../arm-none-eabi/lib/armv7-m\libg_nano.a(lib_a-init.o)
 .debug_frame   0x0000203c       0x28 c:/program files (x86)/cypress/psoc creator/4.4/psoc creator/import/gnu/arm/5.4.1/bin/../lib/gcc/arm-none-eabi/5.4.1/../../../../arm-none-eabi/lib/armv7-m\libg_nano.a(lib_a-memcpy-stub.o)
 .debug_frame   0x00002064       0x20 c:/program files (x86)/cypress/psoc creator/4.4/psoc creator/import/gnu/arm/5.4.1/bin/../lib/gcc/arm-none-eabi/5.4.1/../../../../arm-none-eabi/lib/armv7-m\libg_nano.a(lib_a-memset.o)

.debug_str      0x00000000     0x1ea1
 *(.debug_str)
 .debug_str     0x00000000      0x15b .\CortexM3\ARM_GCC_541\Debug\main.o
                                0x1a3 (size before relaxing)
 .debug_str     0x0000015b      0x231 .\CortexM3\ARM_GCC_541\Debug\cyfitter_cfg.o
                                0x3cc (size before relaxing)
 .debug_str     0x0000038c       0x8e .\CortexM3\ARM_GCC_541\Debug\cymetadata.o
                                0x1f0 (size before relaxing)
 .debug_str     0x0000041a      0x123 .\CortexM3\ARM_GCC_541\Debug\Cm3Start.o
                                0x2d4 (size before relaxing)
 .debug_str     0x0000053d      0x437 .\CortexM3\ARM_GCC_541\Debug\CY8CKIT-059_Bootloader.a(Bootloader.o)
                                0x60a (size before relaxing)
 .debug_str     0x00000974      0x117 .\CortexM3\ARM_GCC_541\Debug\CY8CKIT-059_Bootloader.a(PWM.o)
                                0x2ae (size before relaxing)
 .debug_str     0x00000a8b      0x153 .\CortexM3\ARM_GCC_541\Debug\CY8CKIT-059_Bootloader.a(CyFlash.o)
                                0x304 (size before relaxing)
 .debug_str     0x00000bde      0x7ef .\CortexM3\ARM_GCC_541\Debug\CY8CKIT-059_Bootloader.a(CyLib.o)
                                0x9e7 (size before relaxing)
 .debug_str     0x000013cd      0x371 .\CortexM3\ARM_GCC_541\Debug\CY8CKIT-059_Bootloader.a(cyPm.o)
                                0x540 (size before relaxing)
 .debug_str     0x0000173e      0x12d .\CortexM3\ARM_GCC_541\Debug\CY8CKIT-059_Bootloader.a(CySpc.o)
                                0x2fe (size before relaxing)
 .debug_str     0x0000186b       0xc9 .\CortexM3\ARM_GCC_541\Debug\CY8CKIT-059_Bootloader.a(UART_BOOT.o)
                                0x271 (size before relaxing)
 .debug_str     0x00001934      0x365 .\CortexM3\ARM_GCC_541\Debug\CY8CKIT-059_Bootloader.a(UART.o)
                                0x521 (size before relaxing)
 .debug_str     0x00001c99       0x5e .\CortexM3\ARM_GCC_541\Debug\CY8CKIT-059_Bootloader.a(UART_INT.o)
                                0x286 (size before relaxing)
 .debug_str     0x00001cf7      0x1aa .\CortexM3\ARM_GCC_541\Debug\CY8CKIT-059_Bootloader.a(UART_IntClock.o)
                                0x333 (size before relaxing)

.debug_loc
 *(.debug_loc)

.debug_macinfo
 *(.debug_macinfo)

.debug_ranges   0x00000000      0x758
 *(.debug_ranges)
 .debug_ranges  0x00000000       0x10 .\CortexM3\ARM_GCC_541\Debug\main.o
 .debug_ranges  0x00000010       0x50 .\CortexM3\ARM_GCC_541\Debug\cyfitter_cfg.o
 .debug_ranges  0x00000060       0x38 .\CortexM3\ARM_GCC_541\Debug\Cm3Start.o
 .debug_ranges  0x00000098       0xd0 .\CortexM3\ARM_GCC_541\Debug\CY8CKIT-059_Bootloader.a(Bootloader.o)
 .debug_ranges  0x00000168       0x68 .\CortexM3\ARM_GCC_541\Debug\CY8CKIT-059_Bootloader.a(PWM.o)
 .debug_ranges  0x000001d0       0x78 .\CortexM3\ARM_GCC_541\Debug\CY8CKIT-059_Bootloader.a(CyFlash.o)
 .debug_ranges  0x00000248      0x290 .\CortexM3\ARM_GCC_541\Debug\CY8CKIT-059_Bootloader.a(CyLib.o)
 .debug_ranges  0x000004d8       0x88 .\CortexM3\ARM_GCC_541\Debug\CY8CKIT-059_Bootloader.a(cyPm.o)
 .debug_ranges  0x00000560       0x70 .\CortexM3\ARM_GCC_541\Debug\CY8CKIT-059_Bootloader.a(CySpc.o)
 .debug_ranges  0x000005d0       0x30 .\CortexM3\ARM_GCC_541\Debug\CY8CKIT-059_Bootloader.a(UART_BOOT.o)
 .debug_ranges  0x00000600       0xe0 .\CortexM3\ARM_GCC_541\Debug\CY8CKIT-059_Bootloader.a(UART.o)
 .debug_ranges  0x000006e0       0x18 .\CortexM3\ARM_GCC_541\Debug\CY8CKIT-059_Bootloader.a(UART_INT.o)
 .debug_ranges  0x000006f8       0x60 .\CortexM3\ARM_GCC_541\Debug\CY8CKIT-059_Bootloader.a(UART_IntClock.o)

.comment        0x00000000       0x6e
 .comment       0x00000000       0x6e .\CortexM3\ARM_GCC_541\Debug\main.o
                                 0x6f (size before relaxing)
 .comment       0x0000006e       0x6f .\CortexM3\ARM_GCC_541\Debug\cyfitter_cfg.o
 .comment       0x0000006e       0x6f .\CortexM3\ARM_GCC_541\Debug\cymetadata.o
 .comment       0x0000006e       0x6f .\CortexM3\ARM_GCC_541\Debug\Cm3Start.o
 .comment       0x0000006e       0x6f .\CortexM3\ARM_GCC_541\Debug\CY8CKIT-059_Bootloader.a(Bootloader.o)
 .comment       0x0000006e       0x6f .\CortexM3\ARM_GCC_541\Debug\CY8CKIT-059_Bootloader.a(PWM.o)
 .comment       0x0000006e       0x6f .\CortexM3\ARM_GCC_541\Debug\CY8CKIT-059_Bootloader.a(CyFlash.o)
 .comment       0x0000006e       0x6f .\CortexM3\ARM_GCC_541\Debug\CY8CKIT-059_Bootloader.a(CyLib.o)
 .comment       0x0000006e       0x6f .\CortexM3\ARM_GCC_541\Debug\CY8CKIT-059_Bootloader.a(cyPm.o)
 .comment       0x0000006e       0x6f .\CortexM3\ARM_GCC_541\Debug\CY8CKIT-059_Bootloader.a(CySpc.o)
 .comment       0x0000006e       0x6f .\CortexM3\ARM_GCC_541\Debug\CY8CKIT-059_Bootloader.a(UART_BOOT.o)
 .comment       0x0000006e       0x6f .\CortexM3\ARM_GCC_541\Debug\CY8CKIT-059_Bootloader.a(UART.o)
 .comment       0x0000006e       0x6f .\CortexM3\ARM_GCC_541\Debug\CY8CKIT-059_Bootloader.a(UART_INT.o)
 .comment       0x0000006e       0x6f .\CortexM3\ARM_GCC_541\Debug\CY8CKIT-059_Bootloader.a(UART_IntClock.o)

.debug_weaknames
 *(.debug_weaknames)

.debug_funcnames
 *(.debug_funcnames)

.debug_typenames
 *(.debug_typenames)

.debug_varnames
 *(.debug_varnames)

.note.gnu.arm.ident
 *(.note.gnu.arm.ident)

.ARM.attributes
                0x00000000       0x29
 *(.ARM.attributes)
 .ARM.attributes
                0x00000000       0x1d c:/program files (x86)/cypress/psoc creator/4.4/psoc creator/import/gnu/arm/5.4.1/bin/../lib/gcc/arm-none-eabi/5.4.1/armv7-m/crti.o
 .ARM.attributes
                0x0000001d       0x2d c:/program files (x86)/cypress/psoc creator/4.4/psoc creator/import/gnu/arm/5.4.1/bin/../lib/gcc/arm-none-eabi/5.4.1/armv7-m/crtbegin.o
 .ARM.attributes
                0x0000004a       0x1b c:/program files (x86)/cypress/psoc creator/4.4/psoc creator/import/gnu/arm/5.4.1/bin/../lib/gcc/arm-none-eabi/5.4.1/../../../../arm-none-eabi/lib/armv7-m/crt0.o
 .ARM.attributes
                0x00000065       0x33 .\CortexM3\ARM_GCC_541\Debug\main.o
 .ARM.attributes
                0x00000098       0x33 .\CortexM3\ARM_GCC_541\Debug\cyfitter_cfg.o
 .ARM.attributes
                0x000000cb       0x33 .\CortexM3\ARM_GCC_541\Debug\cymetadata.o
 .ARM.attributes
                0x000000fe       0x33 .\CortexM3\ARM_GCC_541\Debug\Cm3Start.o
 .ARM.attributes
                0x00000131       0x33 .\CortexM3\ARM_GCC_541\Debug\CY8CKIT-059_Bootloader.a(Bootloader.o)
 .ARM.attributes
                0x00000164       0x33 .\CortexM3\ARM_GCC_541\Debug\CY8CKIT-059_Bootloader.a(PWM.o)
 .ARM.attributes
                0x00000197       0x33 .\CortexM3\ARM_GCC_541\Debug\CY8CKIT-059_Bootloader.a(CyFlash.o)
 .ARM.attributes
                0x000001ca       0x33 .\CortexM3\ARM_GCC_541\Debug\CY8CKIT-059_Bootloader.a(CyLib.o)
 .ARM.attributes
                0x000001fd       0x33 .\CortexM3\ARM_GCC_541\Debug\CY8CKIT-059_Bootloader.a(cyPm.o)
 .ARM.attributes
                0x00000230       0x33 .\CortexM3\ARM_GCC_541\Debug\CY8CKIT-059_Bootloader.a(CySpc.o)
 .ARM.attributes
                0x00000263       0x21 .\CortexM3\ARM_GCC_541\Debug\CY8CKIT-059_Bootloader.a(CyBootAsmGnu.o)
 .ARM.attributes
                0x00000284       0x33 .\CortexM3\ARM_GCC_541\Debug\CY8CKIT-059_Bootloader.a(UART_BOOT.o)
 .ARM.attributes
                0x000002b7       0x33 .\CortexM3\ARM_GCC_541\Debug\CY8CKIT-059_Bootloader.a(UART.o)
 .ARM.attributes
                0x000002ea       0x33 .\CortexM3\ARM_GCC_541\Debug\CY8CKIT-059_Bootloader.a(UART_INT.o)
 .ARM.attributes
                0x0000031d       0x33 .\CortexM3\ARM_GCC_541\Debug\CY8CKIT-059_Bootloader.a(UART_IntClock.o)
 .ARM.attributes
                0x00000350       0x2d c:/program files (x86)/cypress/psoc creator/4.4/psoc creator/import/gnu/arm/5.4.1/bin/../lib/gcc/arm-none-eabi/5.4.1/../../../../arm-none-eabi/lib/armv7-m\libg_nano.a(lib_a-errno.o)
 .ARM.attributes
                0x0000037d       0x2d c:/program files (x86)/cypress/psoc creator/4.4/psoc creator/import/gnu/arm/5.4.1/bin/../lib/gcc/arm-none-eabi/5.4.1/../../../../arm-none-eabi/lib/armv7-m\libg_nano.a(lib_a-exit.o)
 .ARM.attributes
                0x000003aa       0x2d c:/program files (x86)/cypress/psoc creator/4.4/psoc creator/import/gnu/arm/5.4.1/bin/../lib/gcc/arm-none-eabi/5.4.1/../../../../arm-none-eabi/lib/armv7-m\libg_nano.a(lib_a-impure.o)
 .ARM.attributes
                0x000003d7       0x2d c:/program files (x86)/cypress/psoc creator/4.4/psoc creator/import/gnu/arm/5.4.1/bin/../lib/gcc/arm-none-eabi/5.4.1/../../../../arm-none-eabi/lib/armv7-m\libg_nano.a(lib_a-init.o)
 .ARM.attributes
                0x00000404       0x2d c:/program files (x86)/cypress/psoc creator/4.4/psoc creator/import/gnu/arm/5.4.1/bin/../lib/gcc/arm-none-eabi/5.4.1/../../../../arm-none-eabi/lib/armv7-m\libg_nano.a(lib_a-memcpy-stub.o)
 .ARM.attributes
                0x00000431       0x2d c:/program files (x86)/cypress/psoc creator/4.4/psoc creator/import/gnu/arm/5.4.1/bin/../lib/gcc/arm-none-eabi/5.4.1/../../../../arm-none-eabi/lib/armv7-m\libg_nano.a(lib_a-memset.o)
 .ARM.attributes
                0x0000045e       0x2d c:/program files (x86)/cypress/psoc creator/4.4/psoc creator/import/gnu/arm/5.4.1/bin/../lib/gcc/arm-none-eabi/5.4.1/armv7-m/crtend.o
 .ARM.attributes
                0x0000048b       0x1d c:/program files (x86)/cypress/psoc creator/4.4/psoc creator/import/gnu/arm/5.4.1/bin/../lib/gcc/arm-none-eabi/5.4.1/armv7-m/crtn.o

/DISCARD/
 *(.note.GNU-stack)
OUTPUT(D:\Work\PSoC_Projects\CY8CKIT-059\CY8CKIT-059_Bootloader.cydsn\CortexM3\ARM_GCC_541\Debug\CY8CKIT-059_Bootloader.elf elf32-littlearm)
