ARM GAS  C:\Users\jobaek\AppData\Local\Temp\ccZH4Gvc.s 			page 1


   1              		.syntax unified
   2              		.cpu cortex-m3
   3              		.fpu softvfp
   4              		.eabi_attribute 20, 1
   5              		.eabi_attribute 21, 1
   6              		.eabi_attribute 23, 3
   7              		.eabi_attribute 24, 1
   8              		.eabi_attribute 25, 1
   9              		.eabi_attribute 26, 1
  10              		.eabi_attribute 30, 6
  11              		.eabi_attribute 34, 1
  12              		.eabi_attribute 18, 4
  13              		.thumb
  14              		.syntax unified
  15              		.file	"UART_BOOT.c"
  16              		.text
  17              	.Ltext0:
  18              		.cfi_sections	.debug_frame
  19              		.section	.text.UART_CyBtldrCommStart,"ax",%progbits
  20              		.align	2
  21              		.global	UART_CyBtldrCommStart
  22              		.thumb
  23              		.thumb_func
  24              		.type	UART_CyBtldrCommStart, %function
  25              	UART_CyBtldrCommStart:
  26              	.LFB0:
  27              		.file 1 "Generated_Source\\PSoC5\\UART_BOOT.c"
   1:Generated_Source\PSoC5/UART_BOOT.c **** /*******************************************************************************
   2:Generated_Source\PSoC5/UART_BOOT.c **** * File Name: UART_BOOT.c
   3:Generated_Source\PSoC5/UART_BOOT.c **** * Version 2.50
   4:Generated_Source\PSoC5/UART_BOOT.c **** *
   5:Generated_Source\PSoC5/UART_BOOT.c **** * Description:
   6:Generated_Source\PSoC5/UART_BOOT.c **** *  This file provides the source code of bootloader communication APIs for the
   7:Generated_Source\PSoC5/UART_BOOT.c **** *  UART component.
   8:Generated_Source\PSoC5/UART_BOOT.c **** *
   9:Generated_Source\PSoC5/UART_BOOT.c **** * Note:
  10:Generated_Source\PSoC5/UART_BOOT.c **** *
  11:Generated_Source\PSoC5/UART_BOOT.c **** ********************************************************************************
  12:Generated_Source\PSoC5/UART_BOOT.c **** * Copyright 2008-2015, Cypress Semiconductor Corporation.  All rights reserved.
  13:Generated_Source\PSoC5/UART_BOOT.c **** * You may use this file only in accordance with the license, terms, conditions,
  14:Generated_Source\PSoC5/UART_BOOT.c **** * disclaimers, and limitations in the end user license agreement accompanying
  15:Generated_Source\PSoC5/UART_BOOT.c **** * the software package with which this file was provided.
  16:Generated_Source\PSoC5/UART_BOOT.c **** *******************************************************************************/
  17:Generated_Source\PSoC5/UART_BOOT.c **** 
  18:Generated_Source\PSoC5/UART_BOOT.c **** #include "UART.h"
  19:Generated_Source\PSoC5/UART_BOOT.c **** 
  20:Generated_Source\PSoC5/UART_BOOT.c **** #if defined(CYDEV_BOOTLOADER_IO_COMP) && (0u != ((CYDEV_BOOTLOADER_IO_COMP == CyBtldr_UART) || \
  21:Generated_Source\PSoC5/UART_BOOT.c ****                                           (CYDEV_BOOTLOADER_IO_COMP == CyBtldr_Custom_Interface)))
  22:Generated_Source\PSoC5/UART_BOOT.c **** 
  23:Generated_Source\PSoC5/UART_BOOT.c **** 
  24:Generated_Source\PSoC5/UART_BOOT.c **** /*******************************************************************************
  25:Generated_Source\PSoC5/UART_BOOT.c **** * Function Name: UART_CyBtldrCommStart
  26:Generated_Source\PSoC5/UART_BOOT.c **** ********************************************************************************
  27:Generated_Source\PSoC5/UART_BOOT.c **** *
  28:Generated_Source\PSoC5/UART_BOOT.c **** * Summary:
  29:Generated_Source\PSoC5/UART_BOOT.c **** *  Starts the UART communication component.
  30:Generated_Source\PSoC5/UART_BOOT.c **** *
ARM GAS  C:\Users\jobaek\AppData\Local\Temp\ccZH4Gvc.s 			page 2


  31:Generated_Source\PSoC5/UART_BOOT.c **** * Parameters:
  32:Generated_Source\PSoC5/UART_BOOT.c **** *  None
  33:Generated_Source\PSoC5/UART_BOOT.c **** *
  34:Generated_Source\PSoC5/UART_BOOT.c **** * Return:
  35:Generated_Source\PSoC5/UART_BOOT.c **** *  None
  36:Generated_Source\PSoC5/UART_BOOT.c **** *
  37:Generated_Source\PSoC5/UART_BOOT.c **** * Side Effects:
  38:Generated_Source\PSoC5/UART_BOOT.c **** *  This component automatically enables global interrupt.
  39:Generated_Source\PSoC5/UART_BOOT.c **** *
  40:Generated_Source\PSoC5/UART_BOOT.c **** *******************************************************************************/
  41:Generated_Source\PSoC5/UART_BOOT.c **** void UART_CyBtldrCommStart(void) CYSMALL 
  42:Generated_Source\PSoC5/UART_BOOT.c **** {
  28              		.loc 1 42 0
  29              		.cfi_startproc
  30              		@ args = 0, pretend = 0, frame = 0
  31              		@ frame_needed = 1, uses_anonymous_args = 0
  32 0000 80B5     		push	{r7, lr}
  33              		.cfi_def_cfa_offset 8
  34              		.cfi_offset 7, -8
  35              		.cfi_offset 14, -4
  36 0002 00AF     		add	r7, sp, #0
  37              		.cfi_def_cfa_register 7
  43:Generated_Source\PSoC5/UART_BOOT.c ****     /* Start UART component and clear the Tx,Rx buffers */
  44:Generated_Source\PSoC5/UART_BOOT.c ****     UART_Start();
  38              		.loc 1 44 0
  39 0004 FFF7FEFF 		bl	UART_Start
  45:Generated_Source\PSoC5/UART_BOOT.c ****     UART_ClearRxBuffer();
  40              		.loc 1 45 0
  41 0008 FFF7FEFF 		bl	UART_ClearRxBuffer
  46:Generated_Source\PSoC5/UART_BOOT.c ****     UART_ClearTxBuffer();
  42              		.loc 1 46 0
  43 000c FFF7FEFF 		bl	UART_ClearTxBuffer
  47:Generated_Source\PSoC5/UART_BOOT.c **** }
  44              		.loc 1 47 0
  45 0010 00BF     		nop
  46 0012 80BD     		pop	{r7, pc}
  47              		.cfi_endproc
  48              	.LFE0:
  49              		.size	UART_CyBtldrCommStart, .-UART_CyBtldrCommStart
  50              		.section	.text.UART_CyBtldrCommStop,"ax",%progbits
  51              		.align	2
  52              		.global	UART_CyBtldrCommStop
  53              		.thumb
  54              		.thumb_func
  55              		.type	UART_CyBtldrCommStop, %function
  56              	UART_CyBtldrCommStop:
  57              	.LFB1:
  48:Generated_Source\PSoC5/UART_BOOT.c **** 
  49:Generated_Source\PSoC5/UART_BOOT.c **** 
  50:Generated_Source\PSoC5/UART_BOOT.c **** /*******************************************************************************
  51:Generated_Source\PSoC5/UART_BOOT.c **** * Function Name: UART_CyBtldrCommStop
  52:Generated_Source\PSoC5/UART_BOOT.c **** ********************************************************************************
  53:Generated_Source\PSoC5/UART_BOOT.c **** *
  54:Generated_Source\PSoC5/UART_BOOT.c **** * Summary:
  55:Generated_Source\PSoC5/UART_BOOT.c **** *  Disables the communication component and disables the interrupt.
  56:Generated_Source\PSoC5/UART_BOOT.c **** *
  57:Generated_Source\PSoC5/UART_BOOT.c **** * Parameters:
ARM GAS  C:\Users\jobaek\AppData\Local\Temp\ccZH4Gvc.s 			page 3


  58:Generated_Source\PSoC5/UART_BOOT.c **** *  None
  59:Generated_Source\PSoC5/UART_BOOT.c **** *
  60:Generated_Source\PSoC5/UART_BOOT.c **** * Return:
  61:Generated_Source\PSoC5/UART_BOOT.c **** *  None
  62:Generated_Source\PSoC5/UART_BOOT.c **** *
  63:Generated_Source\PSoC5/UART_BOOT.c **** *******************************************************************************/
  64:Generated_Source\PSoC5/UART_BOOT.c **** void UART_CyBtldrCommStop(void) CYSMALL 
  65:Generated_Source\PSoC5/UART_BOOT.c **** {
  58              		.loc 1 65 0
  59              		.cfi_startproc
  60              		@ args = 0, pretend = 0, frame = 0
  61              		@ frame_needed = 1, uses_anonymous_args = 0
  62 0000 80B5     		push	{r7, lr}
  63              		.cfi_def_cfa_offset 8
  64              		.cfi_offset 7, -8
  65              		.cfi_offset 14, -4
  66 0002 00AF     		add	r7, sp, #0
  67              		.cfi_def_cfa_register 7
  66:Generated_Source\PSoC5/UART_BOOT.c ****     /* Stop UART component */
  67:Generated_Source\PSoC5/UART_BOOT.c ****     UART_Stop();
  68              		.loc 1 67 0
  69 0004 FFF7FEFF 		bl	UART_Stop
  68:Generated_Source\PSoC5/UART_BOOT.c **** }
  70              		.loc 1 68 0
  71 0008 00BF     		nop
  72 000a 80BD     		pop	{r7, pc}
  73              		.cfi_endproc
  74              	.LFE1:
  75              		.size	UART_CyBtldrCommStop, .-UART_CyBtldrCommStop
  76              		.section	.text.UART_CyBtldrCommReset,"ax",%progbits
  77              		.align	2
  78              		.global	UART_CyBtldrCommReset
  79              		.thumb
  80              		.thumb_func
  81              		.type	UART_CyBtldrCommReset, %function
  82              	UART_CyBtldrCommReset:
  83              	.LFB2:
  69:Generated_Source\PSoC5/UART_BOOT.c **** 
  70:Generated_Source\PSoC5/UART_BOOT.c **** 
  71:Generated_Source\PSoC5/UART_BOOT.c **** /*******************************************************************************
  72:Generated_Source\PSoC5/UART_BOOT.c **** * Function Name: UART_CyBtldrCommReset
  73:Generated_Source\PSoC5/UART_BOOT.c **** ********************************************************************************
  74:Generated_Source\PSoC5/UART_BOOT.c **** *
  75:Generated_Source\PSoC5/UART_BOOT.c **** * Summary:
  76:Generated_Source\PSoC5/UART_BOOT.c **** *  Resets the receive and transmit communication Buffers.
  77:Generated_Source\PSoC5/UART_BOOT.c **** *
  78:Generated_Source\PSoC5/UART_BOOT.c **** * Parameters:
  79:Generated_Source\PSoC5/UART_BOOT.c **** *  None
  80:Generated_Source\PSoC5/UART_BOOT.c **** *
  81:Generated_Source\PSoC5/UART_BOOT.c **** * Return:
  82:Generated_Source\PSoC5/UART_BOOT.c **** *  None
  83:Generated_Source\PSoC5/UART_BOOT.c **** *
  84:Generated_Source\PSoC5/UART_BOOT.c **** *******************************************************************************/
  85:Generated_Source\PSoC5/UART_BOOT.c **** void UART_CyBtldrCommReset(void) CYSMALL 
  86:Generated_Source\PSoC5/UART_BOOT.c **** {
  84              		.loc 1 86 0
  85              		.cfi_startproc
ARM GAS  C:\Users\jobaek\AppData\Local\Temp\ccZH4Gvc.s 			page 4


  86              		@ args = 0, pretend = 0, frame = 0
  87              		@ frame_needed = 1, uses_anonymous_args = 0
  88 0000 80B5     		push	{r7, lr}
  89              		.cfi_def_cfa_offset 8
  90              		.cfi_offset 7, -8
  91              		.cfi_offset 14, -4
  92 0002 00AF     		add	r7, sp, #0
  93              		.cfi_def_cfa_register 7
  87:Generated_Source\PSoC5/UART_BOOT.c ****     /* Clear RX and TX buffers */
  88:Generated_Source\PSoC5/UART_BOOT.c ****     UART_ClearRxBuffer();
  94              		.loc 1 88 0
  95 0004 FFF7FEFF 		bl	UART_ClearRxBuffer
  89:Generated_Source\PSoC5/UART_BOOT.c ****     UART_ClearTxBuffer();
  96              		.loc 1 89 0
  97 0008 FFF7FEFF 		bl	UART_ClearTxBuffer
  90:Generated_Source\PSoC5/UART_BOOT.c **** }
  98              		.loc 1 90 0
  99 000c 00BF     		nop
 100 000e 80BD     		pop	{r7, pc}
 101              		.cfi_endproc
 102              	.LFE2:
 103              		.size	UART_CyBtldrCommReset, .-UART_CyBtldrCommReset
 104              		.section	.text.UART_CyBtldrCommWrite,"ax",%progbits
 105              		.align	2
 106              		.global	UART_CyBtldrCommWrite
 107              		.thumb
 108              		.thumb_func
 109              		.type	UART_CyBtldrCommWrite, %function
 110              	UART_CyBtldrCommWrite:
 111              	.LFB3:
  91:Generated_Source\PSoC5/UART_BOOT.c **** 
  92:Generated_Source\PSoC5/UART_BOOT.c **** 
  93:Generated_Source\PSoC5/UART_BOOT.c **** /*******************************************************************************
  94:Generated_Source\PSoC5/UART_BOOT.c **** * Function Name: UART_CyBtldrCommWrite
  95:Generated_Source\PSoC5/UART_BOOT.c **** ********************************************************************************
  96:Generated_Source\PSoC5/UART_BOOT.c **** *
  97:Generated_Source\PSoC5/UART_BOOT.c **** * Summary:
  98:Generated_Source\PSoC5/UART_BOOT.c **** *  Allows the caller to write data to the boot loader host. This function uses
  99:Generated_Source\PSoC5/UART_BOOT.c **** * a blocking write function for writing data using UART communication component.
 100:Generated_Source\PSoC5/UART_BOOT.c **** *
 101:Generated_Source\PSoC5/UART_BOOT.c **** * Parameters:
 102:Generated_Source\PSoC5/UART_BOOT.c **** *  pData:    A pointer to the block of data to send to the device
 103:Generated_Source\PSoC5/UART_BOOT.c **** *  size:     The number of bytes to write.
 104:Generated_Source\PSoC5/UART_BOOT.c **** *  count:    Pointer to an unsigned short variable to write the number of
 105:Generated_Source\PSoC5/UART_BOOT.c **** *             bytes actually written.
 106:Generated_Source\PSoC5/UART_BOOT.c **** *  timeOut:  Number of units to wait before returning because of a timeout.
 107:Generated_Source\PSoC5/UART_BOOT.c **** *
 108:Generated_Source\PSoC5/UART_BOOT.c **** * Return:
 109:Generated_Source\PSoC5/UART_BOOT.c **** *   cystatus: This function will return CYRET_SUCCESS if data is sent
 110:Generated_Source\PSoC5/UART_BOOT.c **** *             successfully.
 111:Generated_Source\PSoC5/UART_BOOT.c **** *
 112:Generated_Source\PSoC5/UART_BOOT.c **** * Side Effects:
 113:Generated_Source\PSoC5/UART_BOOT.c **** *  This function should be called after command was received .
 114:Generated_Source\PSoC5/UART_BOOT.c **** *
 115:Generated_Source\PSoC5/UART_BOOT.c **** *******************************************************************************/
 116:Generated_Source\PSoC5/UART_BOOT.c **** cystatus UART_CyBtldrCommWrite(const uint8 pData[], uint16 size, uint16 * count, uint8 timeOut) CYS
 117:Generated_Source\PSoC5/UART_BOOT.c ****          
ARM GAS  C:\Users\jobaek\AppData\Local\Temp\ccZH4Gvc.s 			page 5


 118:Generated_Source\PSoC5/UART_BOOT.c **** {
 112              		.loc 1 118 0
 113              		.cfi_startproc
 114              		@ args = 0, pretend = 0, frame = 24
 115              		@ frame_needed = 1, uses_anonymous_args = 0
 116 0000 80B5     		push	{r7, lr}
 117              		.cfi_def_cfa_offset 8
 118              		.cfi_offset 7, -8
 119              		.cfi_offset 14, -4
 120 0002 86B0     		sub	sp, sp, #24
 121              		.cfi_def_cfa_offset 32
 122 0004 00AF     		add	r7, sp, #0
 123              		.cfi_def_cfa_register 7
 124 0006 F860     		str	r0, [r7, #12]
 125 0008 7A60     		str	r2, [r7, #4]
 126 000a 1A46     		mov	r2, r3
 127 000c 0B46     		mov	r3, r1	@ movhi
 128 000e 7B81     		strh	r3, [r7, #10]	@ movhi
 129 0010 1346     		mov	r3, r2
 130 0012 7B72     		strb	r3, [r7, #9]
 119:Generated_Source\PSoC5/UART_BOOT.c ****     uint16 bufIndex = 0u;
 131              		.loc 1 119 0
 132 0014 0023     		movs	r3, #0
 133 0016 FB82     		strh	r3, [r7, #22]	@ movhi
 120:Generated_Source\PSoC5/UART_BOOT.c **** 
 121:Generated_Source\PSoC5/UART_BOOT.c ****     if(0u != timeOut)
 122:Generated_Source\PSoC5/UART_BOOT.c ****     {
 123:Generated_Source\PSoC5/UART_BOOT.c ****         /* Suppress compiler warning */
 124:Generated_Source\PSoC5/UART_BOOT.c ****     }
 125:Generated_Source\PSoC5/UART_BOOT.c **** 
 126:Generated_Source\PSoC5/UART_BOOT.c ****     /* Clear receive buffers */
 127:Generated_Source\PSoC5/UART_BOOT.c ****     UART_ClearRxBuffer();
 134              		.loc 1 127 0
 135 0018 FFF7FEFF 		bl	UART_ClearRxBuffer
 128:Generated_Source\PSoC5/UART_BOOT.c **** 
 129:Generated_Source\PSoC5/UART_BOOT.c ****     /* Write TX data using blocking function */
 130:Generated_Source\PSoC5/UART_BOOT.c ****     while(bufIndex < size)
 136              		.loc 1 130 0
 137 001c 09E0     		b	.L5
 138              	.L6:
 131:Generated_Source\PSoC5/UART_BOOT.c ****     {
 132:Generated_Source\PSoC5/UART_BOOT.c ****         UART_PutChar(pData[bufIndex]);
 139              		.loc 1 132 0
 140 001e FB8A     		ldrh	r3, [r7, #22]
 141 0020 FA68     		ldr	r2, [r7, #12]
 142 0022 1344     		add	r3, r3, r2
 143 0024 1B78     		ldrb	r3, [r3]	@ zero_extendqisi2
 144 0026 1846     		mov	r0, r3
 145 0028 FFF7FEFF 		bl	UART_PutChar
 133:Generated_Source\PSoC5/UART_BOOT.c ****         bufIndex++;
 146              		.loc 1 133 0
 147 002c FB8A     		ldrh	r3, [r7, #22]
 148 002e 0133     		adds	r3, r3, #1
 149 0030 FB82     		strh	r3, [r7, #22]	@ movhi
 150              	.L5:
 130:Generated_Source\PSoC5/UART_BOOT.c ****     {
 151              		.loc 1 130 0
ARM GAS  C:\Users\jobaek\AppData\Local\Temp\ccZH4Gvc.s 			page 6


 152 0032 FA8A     		ldrh	r2, [r7, #22]
 153 0034 7B89     		ldrh	r3, [r7, #10]
 154 0036 9A42     		cmp	r2, r3
 155 0038 F1D3     		bcc	.L6
 134:Generated_Source\PSoC5/UART_BOOT.c ****     }
 135:Generated_Source\PSoC5/UART_BOOT.c **** 
 136:Generated_Source\PSoC5/UART_BOOT.c ****     /* Return success code */
 137:Generated_Source\PSoC5/UART_BOOT.c ****     *count = size;
 156              		.loc 1 137 0
 157 003a 7B68     		ldr	r3, [r7, #4]
 158 003c 7A89     		ldrh	r2, [r7, #10]	@ movhi
 159 003e 1A80     		strh	r2, [r3]	@ movhi
 138:Generated_Source\PSoC5/UART_BOOT.c **** 
 139:Generated_Source\PSoC5/UART_BOOT.c ****     return (CYRET_SUCCESS);
 160              		.loc 1 139 0
 161 0040 0023     		movs	r3, #0
 140:Generated_Source\PSoC5/UART_BOOT.c **** }
 162              		.loc 1 140 0
 163 0042 1846     		mov	r0, r3
 164 0044 1837     		adds	r7, r7, #24
 165              		.cfi_def_cfa_offset 8
 166 0046 BD46     		mov	sp, r7
 167              		.cfi_def_cfa_register 13
 168              		@ sp needed
 169 0048 80BD     		pop	{r7, pc}
 170              		.cfi_endproc
 171              	.LFE3:
 172              		.size	UART_CyBtldrCommWrite, .-UART_CyBtldrCommWrite
 173 004a 00BF     		.section	.text.UART_CyBtldrCommRead,"ax",%progbits
 174              		.align	2
 175              		.global	UART_CyBtldrCommRead
 176              		.thumb
 177              		.thumb_func
 178              		.type	UART_CyBtldrCommRead, %function
 179              	UART_CyBtldrCommRead:
 180              	.LFB4:
 141:Generated_Source\PSoC5/UART_BOOT.c **** 
 142:Generated_Source\PSoC5/UART_BOOT.c **** 
 143:Generated_Source\PSoC5/UART_BOOT.c **** /*******************************************************************************
 144:Generated_Source\PSoC5/UART_BOOT.c **** * Function Name: UART_CyBtldrCommRead
 145:Generated_Source\PSoC5/UART_BOOT.c **** ********************************************************************************
 146:Generated_Source\PSoC5/UART_BOOT.c **** *
 147:Generated_Source\PSoC5/UART_BOOT.c **** * Summary:
 148:Generated_Source\PSoC5/UART_BOOT.c **** *  Receives the command.
 149:Generated_Source\PSoC5/UART_BOOT.c **** *
 150:Generated_Source\PSoC5/UART_BOOT.c **** * Parameters:
 151:Generated_Source\PSoC5/UART_BOOT.c **** *  pData:    A pointer to the area to store the block of data received
 152:Generated_Source\PSoC5/UART_BOOT.c **** *             from the device.
 153:Generated_Source\PSoC5/UART_BOOT.c **** *  size:     Maximum size of the read buffer
 154:Generated_Source\PSoC5/UART_BOOT.c **** *  count:    Pointer to an unsigned short variable to write the number
 155:Generated_Source\PSoC5/UART_BOOT.c **** *             of bytes actually read.
 156:Generated_Source\PSoC5/UART_BOOT.c **** *  timeOut:  Number of units to wait before returning because of a timeOut.
 157:Generated_Source\PSoC5/UART_BOOT.c **** *            Time out is measured in 10s of ms.
 158:Generated_Source\PSoC5/UART_BOOT.c **** *
 159:Generated_Source\PSoC5/UART_BOOT.c **** * Return:
 160:Generated_Source\PSoC5/UART_BOOT.c **** *  cystatus: This function will return CYRET_SUCCESS if at least one byte is
 161:Generated_Source\PSoC5/UART_BOOT.c **** *            received successfully within the time out interval. If no data is
ARM GAS  C:\Users\jobaek\AppData\Local\Temp\ccZH4Gvc.s 			page 7


 162:Generated_Source\PSoC5/UART_BOOT.c **** *            received  this function will return CYRET_EMPTY.
 163:Generated_Source\PSoC5/UART_BOOT.c **** *
 164:Generated_Source\PSoC5/UART_BOOT.c **** *  BYTE2BYTE_TIME_OUT is used for detecting time out marking end of block data
 165:Generated_Source\PSoC5/UART_BOOT.c **** *  from host. This has to be set to a value which is greater than the expected
 166:Generated_Source\PSoC5/UART_BOOT.c **** *  maximum delay between two bytes during a block/packet transmission from the
 167:Generated_Source\PSoC5/UART_BOOT.c **** *  host. You have to account for the delay in hardware converters while
 168:Generated_Source\PSoC5/UART_BOOT.c **** *  calculating this value, if you are using any USB-UART bridges.
 169:Generated_Source\PSoC5/UART_BOOT.c **** *******************************************************************************/
 170:Generated_Source\PSoC5/UART_BOOT.c **** cystatus UART_CyBtldrCommRead(uint8 pData[], uint16 size, uint16 * count, uint8 timeOut) CYSMALL
 171:Generated_Source\PSoC5/UART_BOOT.c ****          
 172:Generated_Source\PSoC5/UART_BOOT.c **** {
 181              		.loc 1 172 0
 182              		.cfi_startproc
 183              		@ args = 0, pretend = 0, frame = 32
 184              		@ frame_needed = 1, uses_anonymous_args = 0
 185 0000 90B5     		push	{r4, r7, lr}
 186              		.cfi_def_cfa_offset 12
 187              		.cfi_offset 4, -12
 188              		.cfi_offset 7, -8
 189              		.cfi_offset 14, -4
 190 0002 89B0     		sub	sp, sp, #36
 191              		.cfi_def_cfa_offset 48
 192 0004 00AF     		add	r7, sp, #0
 193              		.cfi_def_cfa_register 7
 194 0006 F860     		str	r0, [r7, #12]
 195 0008 7A60     		str	r2, [r7, #4]
 196 000a 1A46     		mov	r2, r3
 197 000c 0B46     		mov	r3, r1	@ movhi
 198 000e 7B81     		strh	r3, [r7, #10]	@ movhi
 199 0010 1346     		mov	r3, r2
 200 0012 7B72     		strb	r3, [r7, #9]
 173:Generated_Source\PSoC5/UART_BOOT.c ****     uint16 iCntr;
 174:Generated_Source\PSoC5/UART_BOOT.c ****     uint16 dataIndexCntr;
 175:Generated_Source\PSoC5/UART_BOOT.c ****     uint16 tempCount;
 176:Generated_Source\PSoC5/UART_BOOT.c ****     uint16 oldDataCount;
 177:Generated_Source\PSoC5/UART_BOOT.c **** 
 178:Generated_Source\PSoC5/UART_BOOT.c ****     cystatus status = CYRET_EMPTY;
 201              		.loc 1 178 0
 202 0014 0523     		movs	r3, #5
 203 0016 BB61     		str	r3, [r7, #24]
 179:Generated_Source\PSoC5/UART_BOOT.c **** 
 180:Generated_Source\PSoC5/UART_BOOT.c ****     /* Check whether data is received within the time out period.
 181:Generated_Source\PSoC5/UART_BOOT.c ****     *  Time out period is in units of 10ms.
 182:Generated_Source\PSoC5/UART_BOOT.c ****     *  If at least one byte is received within the time out interval, wait for more data */
 183:Generated_Source\PSoC5/UART_BOOT.c ****     for (iCntr = 0u; iCntr < ((uint16)10u * timeOut); iCntr++)
 204              		.loc 1 183 0
 205 0018 0023     		movs	r3, #0
 206 001a FB83     		strh	r3, [r7, #30]	@ movhi
 207 001c 1BE0     		b	.L9
 208              	.L13:
 184:Generated_Source\PSoC5/UART_BOOT.c ****     {
 185:Generated_Source\PSoC5/UART_BOOT.c ****         /* If at least one byte is received within the timeout interval
 186:Generated_Source\PSoC5/UART_BOOT.c ****         *  enter the next loop waiting for more data reception
 187:Generated_Source\PSoC5/UART_BOOT.c ****         */
 188:Generated_Source\PSoC5/UART_BOOT.c ****         if(0u != UART_GetRxBufferSize())
 209              		.loc 1 188 0
 210 001e FFF7FEFF 		bl	UART_GetRxBufferSize
ARM GAS  C:\Users\jobaek\AppData\Local\Temp\ccZH4Gvc.s 			page 8


 211 0022 0346     		mov	r3, r0
 212 0024 002B     		cmp	r3, #0
 213 0026 10D0     		beq	.L10
 214              	.L11:
 189:Generated_Source\PSoC5/UART_BOOT.c ****         {
 190:Generated_Source\PSoC5/UART_BOOT.c ****             /* Wait for more data until 25ms byte to byte time out interval.
 191:Generated_Source\PSoC5/UART_BOOT.c ****             * If no data is received during the last 25 ms(BYTE2BYTE_TIME_OUT)
 192:Generated_Source\PSoC5/UART_BOOT.c ****             * then it is considered as end of transmitted data block(packet)
 193:Generated_Source\PSoC5/UART_BOOT.c ****             * from the host and the program execution will break from the
 194:Generated_Source\PSoC5/UART_BOOT.c ****             * data awaiting loop with status=CYRET_SUCCESS
 195:Generated_Source\PSoC5/UART_BOOT.c ****             */
 196:Generated_Source\PSoC5/UART_BOOT.c ****             do
 197:Generated_Source\PSoC5/UART_BOOT.c ****             {
 198:Generated_Source\PSoC5/UART_BOOT.c ****                 oldDataCount = UART_GetRxBufferSize();
 215              		.loc 1 198 0 discriminator 1
 216 0028 FFF7FEFF 		bl	UART_GetRxBufferSize
 217 002c 0346     		mov	r3, r0
 218 002e FB82     		strh	r3, [r7, #22]	@ movhi
 199:Generated_Source\PSoC5/UART_BOOT.c ****                 CyDelay(UART_BYTE2BYTE_TIME_OUT);
 219              		.loc 1 199 0 discriminator 1
 220 0030 1920     		movs	r0, #25
 221 0032 FFF7FEFF 		bl	CyDelay
 200:Generated_Source\PSoC5/UART_BOOT.c ****             }
 201:Generated_Source\PSoC5/UART_BOOT.c ****             while(UART_GetRxBufferSize() > oldDataCount);
 222              		.loc 1 201 0 discriminator 1
 223 0036 FFF7FEFF 		bl	UART_GetRxBufferSize
 224 003a 0346     		mov	r3, r0
 225 003c 9BB2     		uxth	r3, r3
 226 003e FA8A     		ldrh	r2, [r7, #22]
 227 0040 9A42     		cmp	r2, r3
 228 0042 F1D3     		bcc	.L11
 202:Generated_Source\PSoC5/UART_BOOT.c **** 
 203:Generated_Source\PSoC5/UART_BOOT.c ****             status = CYRET_SUCCESS;
 229              		.loc 1 203 0
 230 0044 0023     		movs	r3, #0
 231 0046 BB61     		str	r3, [r7, #24]
 204:Generated_Source\PSoC5/UART_BOOT.c ****             break;
 232              		.loc 1 204 0
 233 0048 0DE0     		b	.L12
 234              	.L10:
 205:Generated_Source\PSoC5/UART_BOOT.c ****         }
 206:Generated_Source\PSoC5/UART_BOOT.c ****         /* If the data is not received, give a delay of 
 207:Generated_Source\PSoC5/UART_BOOT.c ****         *  UART_BL_CHK_DELAY_MS and check again until the timeOut specified.
 208:Generated_Source\PSoC5/UART_BOOT.c ****         */
 209:Generated_Source\PSoC5/UART_BOOT.c ****         else
 210:Generated_Source\PSoC5/UART_BOOT.c ****         {
 211:Generated_Source\PSoC5/UART_BOOT.c ****             CyDelay(UART_BL_CHK_DELAY_MS);
 235              		.loc 1 211 0 discriminator 2
 236 004a 0120     		movs	r0, #1
 237 004c FFF7FEFF 		bl	CyDelay
 183:Generated_Source\PSoC5/UART_BOOT.c ****     {
 238              		.loc 1 183 0 discriminator 2
 239 0050 FB8B     		ldrh	r3, [r7, #30]
 240 0052 0133     		adds	r3, r3, #1
 241 0054 FB83     		strh	r3, [r7, #30]	@ movhi
 242              	.L9:
 183:Generated_Source\PSoC5/UART_BOOT.c ****     {
ARM GAS  C:\Users\jobaek\AppData\Local\Temp\ccZH4Gvc.s 			page 9


 243              		.loc 1 183 0 is_stmt 0 discriminator 1
 244 0056 F98B     		ldrh	r1, [r7, #30]
 245 0058 7A7A     		ldrb	r2, [r7, #9]	@ zero_extendqisi2
 246 005a 1346     		mov	r3, r2
 247 005c 9B00     		lsls	r3, r3, #2
 248 005e 1344     		add	r3, r3, r2
 249 0060 5B00     		lsls	r3, r3, #1
 250 0062 9942     		cmp	r1, r3
 251 0064 DBDB     		blt	.L13
 252              	.L12:
 212:Generated_Source\PSoC5/UART_BOOT.c ****         }
 213:Generated_Source\PSoC5/UART_BOOT.c ****     }
 214:Generated_Source\PSoC5/UART_BOOT.c **** 
 215:Generated_Source\PSoC5/UART_BOOT.c ****     /* Initialize the data read indexes and Count value */
 216:Generated_Source\PSoC5/UART_BOOT.c ****     *count = 0u;
 253              		.loc 1 216 0 is_stmt 1
 254 0066 7B68     		ldr	r3, [r7, #4]
 255 0068 0022     		movs	r2, #0
 256 006a 1A80     		strh	r2, [r3]	@ movhi
 217:Generated_Source\PSoC5/UART_BOOT.c ****     dataIndexCntr = 0u;
 257              		.loc 1 217 0
 258 006c 0023     		movs	r3, #0
 259 006e BB83     		strh	r3, [r7, #28]	@ movhi
 218:Generated_Source\PSoC5/UART_BOOT.c **** 
 219:Generated_Source\PSoC5/UART_BOOT.c ****     /* If GetRxBufferSize()>0 , move the received data to the pData buffer */
 220:Generated_Source\PSoC5/UART_BOOT.c ****     while(UART_GetRxBufferSize() > 0u)
 260              		.loc 1 220 0
 261 0070 36E0     		b	.L14
 262              	.L20:
 221:Generated_Source\PSoC5/UART_BOOT.c ****     {
 222:Generated_Source\PSoC5/UART_BOOT.c ****         tempCount = UART_GetRxBufferSize();
 263              		.loc 1 222 0
 264 0072 FFF7FEFF 		bl	UART_GetRxBufferSize
 265 0076 0346     		mov	r3, r0
 266 0078 BB82     		strh	r3, [r7, #20]	@ movhi
 223:Generated_Source\PSoC5/UART_BOOT.c ****         *count  =(*count) + tempCount;
 267              		.loc 1 223 0
 268 007a 7B68     		ldr	r3, [r7, #4]
 269 007c 1A88     		ldrh	r2, [r3]
 270 007e BB8A     		ldrh	r3, [r7, #20]	@ movhi
 271 0080 1344     		add	r3, r3, r2
 272 0082 9AB2     		uxth	r2, r3
 273 0084 7B68     		ldr	r3, [r7, #4]
 274 0086 1A80     		strh	r2, [r3]	@ movhi
 224:Generated_Source\PSoC5/UART_BOOT.c **** 
 225:Generated_Source\PSoC5/UART_BOOT.c ****         /* Check if buffer overflow will occur before moving the data */
 226:Generated_Source\PSoC5/UART_BOOT.c ****         if(*count < size)
 275              		.loc 1 226 0
 276 0088 7B68     		ldr	r3, [r7, #4]
 277 008a 1B88     		ldrh	r3, [r3]
 278 008c 7A89     		ldrh	r2, [r7, #10]
 279 008e 9A42     		cmp	r2, r3
 280 0090 1ED9     		bls	.L15
 227:Generated_Source\PSoC5/UART_BOOT.c ****         {
 228:Generated_Source\PSoC5/UART_BOOT.c ****             for (iCntr = 0u; iCntr < tempCount; iCntr++)
 281              		.loc 1 228 0
 282 0092 0023     		movs	r3, #0
ARM GAS  C:\Users\jobaek\AppData\Local\Temp\ccZH4Gvc.s 			page 10


 283 0094 FB83     		strh	r3, [r7, #30]	@ movhi
 284 0096 0CE0     		b	.L16
 285              	.L17:
 229:Generated_Source\PSoC5/UART_BOOT.c ****             {
 230:Generated_Source\PSoC5/UART_BOOT.c ****                 /* Read the data and move it to the pData buffer */
 231:Generated_Source\PSoC5/UART_BOOT.c ****                 pData[dataIndexCntr] = UART_ReadRxData();
 286              		.loc 1 231 0 discriminator 3
 287 0098 BB8B     		ldrh	r3, [r7, #28]
 288 009a FA68     		ldr	r2, [r7, #12]
 289 009c D418     		adds	r4, r2, r3
 290 009e FFF7FEFF 		bl	UART_ReadRxData
 291 00a2 0346     		mov	r3, r0
 292 00a4 2370     		strb	r3, [r4]
 232:Generated_Source\PSoC5/UART_BOOT.c ****                 dataIndexCntr++;
 293              		.loc 1 232 0 discriminator 3
 294 00a6 BB8B     		ldrh	r3, [r7, #28]
 295 00a8 0133     		adds	r3, r3, #1
 296 00aa BB83     		strh	r3, [r7, #28]	@ movhi
 228:Generated_Source\PSoC5/UART_BOOT.c ****             {
 297              		.loc 1 228 0 discriminator 3
 298 00ac FB8B     		ldrh	r3, [r7, #30]
 299 00ae 0133     		adds	r3, r3, #1
 300 00b0 FB83     		strh	r3, [r7, #30]	@ movhi
 301              	.L16:
 228:Generated_Source\PSoC5/UART_BOOT.c ****             {
 302              		.loc 1 228 0 is_stmt 0 discriminator 1
 303 00b2 FA8B     		ldrh	r2, [r7, #30]
 304 00b4 BB8A     		ldrh	r3, [r7, #20]
 305 00b6 9A42     		cmp	r2, r3
 306 00b8 EED3     		bcc	.L17
 233:Generated_Source\PSoC5/UART_BOOT.c ****             }
 234:Generated_Source\PSoC5/UART_BOOT.c **** 
 235:Generated_Source\PSoC5/UART_BOOT.c ****             /* Check if the last received byte is end of packet defined by bootloader
 236:Generated_Source\PSoC5/UART_BOOT.c ****             *  If not wait for additional UART_WAIT_EOP_DELAY ms.
 237:Generated_Source\PSoC5/UART_BOOT.c ****             */
 238:Generated_Source\PSoC5/UART_BOOT.c ****             if(pData[dataIndexCntr - 1u] != UART_PACKET_EOP)
 307              		.loc 1 238 0 is_stmt 1
 308 00ba BB8B     		ldrh	r3, [r7, #28]
 309 00bc 013B     		subs	r3, r3, #1
 310 00be FA68     		ldr	r2, [r7, #12]
 311 00c0 1344     		add	r3, r3, r2
 312 00c2 1B78     		ldrb	r3, [r3]	@ zero_extendqisi2
 313 00c4 172B     		cmp	r3, #23
 314 00c6 0BD0     		beq	.L14
 239:Generated_Source\PSoC5/UART_BOOT.c ****             {
 240:Generated_Source\PSoC5/UART_BOOT.c ****                 CyDelay(UART_WAIT_EOP_DELAY);
 315              		.loc 1 240 0
 316 00c8 0520     		movs	r0, #5
 317 00ca FFF7FEFF 		bl	CyDelay
 318 00ce 07E0     		b	.L14
 319              	.L15:
 241:Generated_Source\PSoC5/UART_BOOT.c ****             }
 242:Generated_Source\PSoC5/UART_BOOT.c ****         }
 243:Generated_Source\PSoC5/UART_BOOT.c ****         /* If there is no space to move data, break from the loop */
 244:Generated_Source\PSoC5/UART_BOOT.c ****         else
 245:Generated_Source\PSoC5/UART_BOOT.c ****         {
 246:Generated_Source\PSoC5/UART_BOOT.c ****             *count = (*count) - tempCount;
ARM GAS  C:\Users\jobaek\AppData\Local\Temp\ccZH4Gvc.s 			page 11


 320              		.loc 1 246 0
 321 00d0 7B68     		ldr	r3, [r7, #4]
 322 00d2 1A88     		ldrh	r2, [r3]
 323 00d4 BB8A     		ldrh	r3, [r7, #20]	@ movhi
 324 00d6 D31A     		subs	r3, r2, r3
 325 00d8 9AB2     		uxth	r2, r3
 326 00da 7B68     		ldr	r3, [r7, #4]
 327 00dc 1A80     		strh	r2, [r3]	@ movhi
 247:Generated_Source\PSoC5/UART_BOOT.c ****             break;
 328              		.loc 1 247 0
 329 00de 04E0     		b	.L19
 330              	.L14:
 220:Generated_Source\PSoC5/UART_BOOT.c ****     {
 331              		.loc 1 220 0
 332 00e0 FFF7FEFF 		bl	UART_GetRxBufferSize
 333 00e4 0346     		mov	r3, r0
 334 00e6 002B     		cmp	r3, #0
 335 00e8 C3D1     		bne	.L20
 336              	.L19:
 248:Generated_Source\PSoC5/UART_BOOT.c ****         }
 249:Generated_Source\PSoC5/UART_BOOT.c ****     }
 250:Generated_Source\PSoC5/UART_BOOT.c **** 
 251:Generated_Source\PSoC5/UART_BOOT.c ****     return (status);
 337              		.loc 1 251 0
 338 00ea BB69     		ldr	r3, [r7, #24]
 252:Generated_Source\PSoC5/UART_BOOT.c **** }
 339              		.loc 1 252 0
 340 00ec 1846     		mov	r0, r3
 341 00ee 2437     		adds	r7, r7, #36
 342              		.cfi_def_cfa_offset 12
 343 00f0 BD46     		mov	sp, r7
 344              		.cfi_def_cfa_register 13
 345              		@ sp needed
 346 00f2 90BD     		pop	{r4, r7, pc}
 347              		.cfi_endproc
 348              	.LFE4:
 349              		.size	UART_CyBtldrCommRead, .-UART_CyBtldrCommRead
 350              		.text
 351              	.Letext0:
 352              		.file 2 "Generated_Source\\PSoC5\\cytypes.h"
 353              		.section	.debug_info,"",%progbits
 354              	.Ldebug_info0:
 355 0000 F1010000 		.4byte	0x1f1
 356 0004 0400     		.2byte	0x4
 357 0006 00000000 		.4byte	.Ldebug_abbrev0
 358 000a 04       		.byte	0x4
 359 000b 01       		.uleb128 0x1
 360 000c 09000000 		.4byte	.LASF32
 361 0010 0C       		.byte	0xc
 362 0011 B7010000 		.4byte	.LASF33
 363 0015 33010000 		.4byte	.LASF34
 364 0019 00000000 		.4byte	.Ldebug_ranges0+0
 365 001d 00000000 		.4byte	0
 366 0021 00000000 		.4byte	.Ldebug_line0
 367 0025 02       		.uleb128 0x2
 368 0026 01       		.byte	0x1
 369 0027 06       		.byte	0x6
ARM GAS  C:\Users\jobaek\AppData\Local\Temp\ccZH4Gvc.s 			page 12


 370 0028 5F020000 		.4byte	.LASF0
 371 002c 02       		.uleb128 0x2
 372 002d 01       		.byte	0x1
 373 002e 08       		.byte	0x8
 374 002f 78010000 		.4byte	.LASF1
 375 0033 02       		.uleb128 0x2
 376 0034 02       		.byte	0x2
 377 0035 05       		.byte	0x5
 378 0036 38020000 		.4byte	.LASF2
 379 003a 02       		.uleb128 0x2
 380 003b 02       		.byte	0x2
 381 003c 07       		.byte	0x7
 382 003d B5000000 		.4byte	.LASF3
 383 0041 02       		.uleb128 0x2
 384 0042 04       		.byte	0x4
 385 0043 05       		.byte	0x5
 386 0044 4A020000 		.4byte	.LASF4
 387 0048 02       		.uleb128 0x2
 388 0049 04       		.byte	0x4
 389 004a 07       		.byte	0x7
 390 004b 21010000 		.4byte	.LASF5
 391 004f 02       		.uleb128 0x2
 392 0050 08       		.byte	0x8
 393 0051 05       		.byte	0x5
 394 0052 25020000 		.4byte	.LASF6
 395 0056 02       		.uleb128 0x2
 396 0057 08       		.byte	0x8
 397 0058 07       		.byte	0x7
 398 0059 FC010000 		.4byte	.LASF7
 399 005d 03       		.uleb128 0x3
 400 005e 04       		.byte	0x4
 401 005f 05       		.byte	0x5
 402 0060 696E7400 		.ascii	"int\000"
 403 0064 02       		.uleb128 0x2
 404 0065 04       		.byte	0x4
 405 0066 07       		.byte	0x7
 406 0067 DA010000 		.4byte	.LASF8
 407 006b 04       		.uleb128 0x4
 408 006c 72010000 		.4byte	.LASF9
 409 0070 02       		.byte	0x2
 410 0071 E401     		.2byte	0x1e4
 411 0073 2C000000 		.4byte	0x2c
 412 0077 04       		.uleb128 0x4
 413 0078 A3010000 		.4byte	.LASF10
 414 007c 02       		.byte	0x2
 415 007d E501     		.2byte	0x1e5
 416 007f 3A000000 		.4byte	0x3a
 417 0083 02       		.uleb128 0x2
 418 0084 04       		.byte	0x4
 419 0085 04       		.byte	0x4
 420 0086 01010000 		.4byte	.LASF11
 421 008a 02       		.uleb128 0x2
 422 008b 08       		.byte	0x8
 423 008c 04       		.byte	0x4
 424 008d 86010000 		.4byte	.LASF12
 425 0091 02       		.uleb128 0x2
 426 0092 01       		.byte	0x1
ARM GAS  C:\Users\jobaek\AppData\Local\Temp\ccZH4Gvc.s 			page 13


 427 0093 08       		.byte	0x8
 428 0094 33020000 		.4byte	.LASF13
 429 0098 04       		.uleb128 0x4
 430 0099 00000000 		.4byte	.LASF14
 431 009d 02       		.byte	0x2
 432 009e 8602     		.2byte	0x286
 433 00a0 48000000 		.4byte	0x48
 434 00a4 02       		.uleb128 0x2
 435 00a5 08       		.byte	0x8
 436 00a6 04       		.byte	0x4
 437 00a7 53020000 		.4byte	.LASF15
 438 00ab 02       		.uleb128 0x2
 439 00ac 04       		.byte	0x4
 440 00ad 07       		.byte	0x7
 441 00ae 1C020000 		.4byte	.LASF16
 442 00b2 05       		.uleb128 0x5
 443 00b3 E5000000 		.4byte	.LASF17
 444 00b7 01       		.byte	0x1
 445 00b8 29       		.byte	0x29
 446 00b9 00000000 		.4byte	.LFB0
 447 00bd 14000000 		.4byte	.LFE0-.LFB0
 448 00c1 01       		.uleb128 0x1
 449 00c2 9C       		.byte	0x9c
 450 00c3 05       		.uleb128 0x5
 451 00c4 E7010000 		.4byte	.LASF18
 452 00c8 01       		.byte	0x1
 453 00c9 40       		.byte	0x40
 454 00ca 00000000 		.4byte	.LFB1
 455 00ce 0C000000 		.4byte	.LFE1-.LFB1
 456 00d2 01       		.uleb128 0x1
 457 00d3 9C       		.byte	0x9c
 458 00d4 05       		.uleb128 0x5
 459 00d5 C8000000 		.4byte	.LASF19
 460 00d9 01       		.byte	0x1
 461 00da 55       		.byte	0x55
 462 00db 00000000 		.4byte	.LFB2
 463 00df 10000000 		.4byte	.LFE2-.LFB2
 464 00e3 01       		.uleb128 0x1
 465 00e4 9C       		.byte	0x9c
 466 00e5 06       		.uleb128 0x6
 467 00e6 8D010000 		.4byte	.LASF24
 468 00ea 01       		.byte	0x1
 469 00eb 74       		.byte	0x74
 470 00ec 98000000 		.4byte	0x98
 471 00f0 00000000 		.4byte	.LFB3
 472 00f4 4A000000 		.4byte	.LFE3-.LFB3
 473 00f8 01       		.uleb128 0x1
 474 00f9 9C       		.byte	0x9c
 475 00fa 45010000 		.4byte	0x145
 476 00fe 07       		.uleb128 0x7
 477 00ff FB000000 		.4byte	.LASF20
 478 0103 01       		.byte	0x1
 479 0104 74       		.byte	0x74
 480 0105 45010000 		.4byte	0x145
 481 0109 02       		.uleb128 0x2
 482 010a 91       		.byte	0x91
 483 010b 6C       		.sleb128 -20
ARM GAS  C:\Users\jobaek\AppData\Local\Temp\ccZH4Gvc.s 			page 14


 484 010c 07       		.uleb128 0x7
 485 010d 07010000 		.4byte	.LASF21
 486 0111 01       		.byte	0x1
 487 0112 74       		.byte	0x74
 488 0113 77000000 		.4byte	0x77
 489 0117 02       		.uleb128 0x2
 490 0118 91       		.byte	0x91
 491 0119 6A       		.sleb128 -22
 492 011a 07       		.uleb128 0x7
 493 011b AF000000 		.4byte	.LASF22
 494 011f 01       		.byte	0x1
 495 0120 74       		.byte	0x74
 496 0121 50010000 		.4byte	0x150
 497 0125 02       		.uleb128 0x2
 498 0126 91       		.byte	0x91
 499 0127 64       		.sleb128 -28
 500 0128 07       		.uleb128 0x7
 501 0129 42020000 		.4byte	.LASF23
 502 012d 01       		.byte	0x1
 503 012e 74       		.byte	0x74
 504 012f 6B000000 		.4byte	0x6b
 505 0133 02       		.uleb128 0x2
 506 0134 91       		.byte	0x91
 507 0135 69       		.sleb128 -23
 508 0136 08       		.uleb128 0x8
 509 0137 13020000 		.4byte	.LASF26
 510 013b 01       		.byte	0x1
 511 013c 77       		.byte	0x77
 512 013d 77000000 		.4byte	0x77
 513 0141 02       		.uleb128 0x2
 514 0142 91       		.byte	0x91
 515 0143 76       		.sleb128 -10
 516 0144 00       		.byte	0
 517 0145 09       		.uleb128 0x9
 518 0146 04       		.byte	0x4
 519 0147 4B010000 		.4byte	0x14b
 520 014b 0A       		.uleb128 0xa
 521 014c 6B000000 		.4byte	0x6b
 522 0150 09       		.uleb128 0x9
 523 0151 04       		.byte	0x4
 524 0152 77000000 		.4byte	0x77
 525 0156 06       		.uleb128 0x6
 526 0157 0C010000 		.4byte	.LASF25
 527 015b 01       		.byte	0x1
 528 015c AA       		.byte	0xaa
 529 015d 98000000 		.4byte	0x98
 530 0161 00000000 		.4byte	.LFB4
 531 0165 F4000000 		.4byte	.LFE4-.LFB4
 532 0169 01       		.uleb128 0x1
 533 016a 9C       		.byte	0x9c
 534 016b EE010000 		.4byte	0x1ee
 535 016f 07       		.uleb128 0x7
 536 0170 FB000000 		.4byte	.LASF20
 537 0174 01       		.byte	0x1
 538 0175 AA       		.byte	0xaa
 539 0176 EE010000 		.4byte	0x1ee
 540 017a 02       		.uleb128 0x2
ARM GAS  C:\Users\jobaek\AppData\Local\Temp\ccZH4Gvc.s 			page 15


 541 017b 91       		.byte	0x91
 542 017c 5C       		.sleb128 -36
 543 017d 07       		.uleb128 0x7
 544 017e 07010000 		.4byte	.LASF21
 545 0182 01       		.byte	0x1
 546 0183 AA       		.byte	0xaa
 547 0184 77000000 		.4byte	0x77
 548 0188 02       		.uleb128 0x2
 549 0189 91       		.byte	0x91
 550 018a 5A       		.sleb128 -38
 551 018b 07       		.uleb128 0x7
 552 018c AF000000 		.4byte	.LASF22
 553 0190 01       		.byte	0x1
 554 0191 AA       		.byte	0xaa
 555 0192 50010000 		.4byte	0x150
 556 0196 02       		.uleb128 0x2
 557 0197 91       		.byte	0x91
 558 0198 54       		.sleb128 -44
 559 0199 07       		.uleb128 0x7
 560 019a 42020000 		.4byte	.LASF23
 561 019e 01       		.byte	0x1
 562 019f AA       		.byte	0xaa
 563 01a0 6B000000 		.4byte	0x6b
 564 01a4 02       		.uleb128 0x2
 565 01a5 91       		.byte	0x91
 566 01a6 59       		.sleb128 -39
 567 01a7 08       		.uleb128 0x8
 568 01a8 6B020000 		.4byte	.LASF27
 569 01ac 01       		.byte	0x1
 570 01ad AD       		.byte	0xad
 571 01ae 77000000 		.4byte	0x77
 572 01b2 02       		.uleb128 0x2
 573 01b3 91       		.byte	0x91
 574 01b4 6E       		.sleb128 -18
 575 01b5 08       		.uleb128 0x8
 576 01b6 A1000000 		.4byte	.LASF28
 577 01ba 01       		.byte	0x1
 578 01bb AE       		.byte	0xae
 579 01bc 77000000 		.4byte	0x77
 580 01c0 02       		.uleb128 0x2
 581 01c1 91       		.byte	0x91
 582 01c2 6C       		.sleb128 -20
 583 01c3 08       		.uleb128 0x8
 584 01c4 97000000 		.4byte	.LASF29
 585 01c8 01       		.byte	0x1
 586 01c9 AF       		.byte	0xaf
 587 01ca 77000000 		.4byte	0x77
 588 01ce 02       		.uleb128 0x2
 589 01cf 91       		.byte	0x91
 590 01d0 64       		.sleb128 -28
 591 01d1 08       		.uleb128 0x8
 592 01d2 AA010000 		.4byte	.LASF30
 593 01d6 01       		.byte	0x1
 594 01d7 B0       		.byte	0xb0
 595 01d8 77000000 		.4byte	0x77
 596 01dc 02       		.uleb128 0x2
 597 01dd 91       		.byte	0x91
ARM GAS  C:\Users\jobaek\AppData\Local\Temp\ccZH4Gvc.s 			page 16


 598 01de 66       		.sleb128 -26
 599 01df 08       		.uleb128 0x8
 600 01e0 DE000000 		.4byte	.LASF31
 601 01e4 01       		.byte	0x1
 602 01e5 B2       		.byte	0xb2
 603 01e6 98000000 		.4byte	0x98
 604 01ea 02       		.uleb128 0x2
 605 01eb 91       		.byte	0x91
 606 01ec 68       		.sleb128 -24
 607 01ed 00       		.byte	0
 608 01ee 09       		.uleb128 0x9
 609 01ef 04       		.byte	0x4
 610 01f0 6B000000 		.4byte	0x6b
 611 01f4 00       		.byte	0
 612              		.section	.debug_abbrev,"",%progbits
 613              	.Ldebug_abbrev0:
 614 0000 01       		.uleb128 0x1
 615 0001 11       		.uleb128 0x11
 616 0002 01       		.byte	0x1
 617 0003 25       		.uleb128 0x25
 618 0004 0E       		.uleb128 0xe
 619 0005 13       		.uleb128 0x13
 620 0006 0B       		.uleb128 0xb
 621 0007 03       		.uleb128 0x3
 622 0008 0E       		.uleb128 0xe
 623 0009 1B       		.uleb128 0x1b
 624 000a 0E       		.uleb128 0xe
 625 000b 55       		.uleb128 0x55
 626 000c 17       		.uleb128 0x17
 627 000d 11       		.uleb128 0x11
 628 000e 01       		.uleb128 0x1
 629 000f 10       		.uleb128 0x10
 630 0010 17       		.uleb128 0x17
 631 0011 00       		.byte	0
 632 0012 00       		.byte	0
 633 0013 02       		.uleb128 0x2
 634 0014 24       		.uleb128 0x24
 635 0015 00       		.byte	0
 636 0016 0B       		.uleb128 0xb
 637 0017 0B       		.uleb128 0xb
 638 0018 3E       		.uleb128 0x3e
 639 0019 0B       		.uleb128 0xb
 640 001a 03       		.uleb128 0x3
 641 001b 0E       		.uleb128 0xe
 642 001c 00       		.byte	0
 643 001d 00       		.byte	0
 644 001e 03       		.uleb128 0x3
 645 001f 24       		.uleb128 0x24
 646 0020 00       		.byte	0
 647 0021 0B       		.uleb128 0xb
 648 0022 0B       		.uleb128 0xb
 649 0023 3E       		.uleb128 0x3e
 650 0024 0B       		.uleb128 0xb
 651 0025 03       		.uleb128 0x3
 652 0026 08       		.uleb128 0x8
 653 0027 00       		.byte	0
 654 0028 00       		.byte	0
ARM GAS  C:\Users\jobaek\AppData\Local\Temp\ccZH4Gvc.s 			page 17


 655 0029 04       		.uleb128 0x4
 656 002a 16       		.uleb128 0x16
 657 002b 00       		.byte	0
 658 002c 03       		.uleb128 0x3
 659 002d 0E       		.uleb128 0xe
 660 002e 3A       		.uleb128 0x3a
 661 002f 0B       		.uleb128 0xb
 662 0030 3B       		.uleb128 0x3b
 663 0031 05       		.uleb128 0x5
 664 0032 49       		.uleb128 0x49
 665 0033 13       		.uleb128 0x13
 666 0034 00       		.byte	0
 667 0035 00       		.byte	0
 668 0036 05       		.uleb128 0x5
 669 0037 2E       		.uleb128 0x2e
 670 0038 00       		.byte	0
 671 0039 3F       		.uleb128 0x3f
 672 003a 19       		.uleb128 0x19
 673 003b 03       		.uleb128 0x3
 674 003c 0E       		.uleb128 0xe
 675 003d 3A       		.uleb128 0x3a
 676 003e 0B       		.uleb128 0xb
 677 003f 3B       		.uleb128 0x3b
 678 0040 0B       		.uleb128 0xb
 679 0041 27       		.uleb128 0x27
 680 0042 19       		.uleb128 0x19
 681 0043 11       		.uleb128 0x11
 682 0044 01       		.uleb128 0x1
 683 0045 12       		.uleb128 0x12
 684 0046 06       		.uleb128 0x6
 685 0047 40       		.uleb128 0x40
 686 0048 18       		.uleb128 0x18
 687 0049 9642     		.uleb128 0x2116
 688 004b 19       		.uleb128 0x19
 689 004c 00       		.byte	0
 690 004d 00       		.byte	0
 691 004e 06       		.uleb128 0x6
 692 004f 2E       		.uleb128 0x2e
 693 0050 01       		.byte	0x1
 694 0051 3F       		.uleb128 0x3f
 695 0052 19       		.uleb128 0x19
 696 0053 03       		.uleb128 0x3
 697 0054 0E       		.uleb128 0xe
 698 0055 3A       		.uleb128 0x3a
 699 0056 0B       		.uleb128 0xb
 700 0057 3B       		.uleb128 0x3b
 701 0058 0B       		.uleb128 0xb
 702 0059 27       		.uleb128 0x27
 703 005a 19       		.uleb128 0x19
 704 005b 49       		.uleb128 0x49
 705 005c 13       		.uleb128 0x13
 706 005d 11       		.uleb128 0x11
 707 005e 01       		.uleb128 0x1
 708 005f 12       		.uleb128 0x12
 709 0060 06       		.uleb128 0x6
 710 0061 40       		.uleb128 0x40
 711 0062 18       		.uleb128 0x18
ARM GAS  C:\Users\jobaek\AppData\Local\Temp\ccZH4Gvc.s 			page 18


 712 0063 9642     		.uleb128 0x2116
 713 0065 19       		.uleb128 0x19
 714 0066 01       		.uleb128 0x1
 715 0067 13       		.uleb128 0x13
 716 0068 00       		.byte	0
 717 0069 00       		.byte	0
 718 006a 07       		.uleb128 0x7
 719 006b 05       		.uleb128 0x5
 720 006c 00       		.byte	0
 721 006d 03       		.uleb128 0x3
 722 006e 0E       		.uleb128 0xe
 723 006f 3A       		.uleb128 0x3a
 724 0070 0B       		.uleb128 0xb
 725 0071 3B       		.uleb128 0x3b
 726 0072 0B       		.uleb128 0xb
 727 0073 49       		.uleb128 0x49
 728 0074 13       		.uleb128 0x13
 729 0075 02       		.uleb128 0x2
 730 0076 18       		.uleb128 0x18
 731 0077 00       		.byte	0
 732 0078 00       		.byte	0
 733 0079 08       		.uleb128 0x8
 734 007a 34       		.uleb128 0x34
 735 007b 00       		.byte	0
 736 007c 03       		.uleb128 0x3
 737 007d 0E       		.uleb128 0xe
 738 007e 3A       		.uleb128 0x3a
 739 007f 0B       		.uleb128 0xb
 740 0080 3B       		.uleb128 0x3b
 741 0081 0B       		.uleb128 0xb
 742 0082 49       		.uleb128 0x49
 743 0083 13       		.uleb128 0x13
 744 0084 02       		.uleb128 0x2
 745 0085 18       		.uleb128 0x18
 746 0086 00       		.byte	0
 747 0087 00       		.byte	0
 748 0088 09       		.uleb128 0x9
 749 0089 0F       		.uleb128 0xf
 750 008a 00       		.byte	0
 751 008b 0B       		.uleb128 0xb
 752 008c 0B       		.uleb128 0xb
 753 008d 49       		.uleb128 0x49
 754 008e 13       		.uleb128 0x13
 755 008f 00       		.byte	0
 756 0090 00       		.byte	0
 757 0091 0A       		.uleb128 0xa
 758 0092 26       		.uleb128 0x26
 759 0093 00       		.byte	0
 760 0094 49       		.uleb128 0x49
 761 0095 13       		.uleb128 0x13
 762 0096 00       		.byte	0
 763 0097 00       		.byte	0
 764 0098 00       		.byte	0
 765              		.section	.debug_aranges,"",%progbits
 766 0000 3C000000 		.4byte	0x3c
 767 0004 0200     		.2byte	0x2
 768 0006 00000000 		.4byte	.Ldebug_info0
ARM GAS  C:\Users\jobaek\AppData\Local\Temp\ccZH4Gvc.s 			page 19


 769 000a 04       		.byte	0x4
 770 000b 00       		.byte	0
 771 000c 0000     		.2byte	0
 772 000e 0000     		.2byte	0
 773 0010 00000000 		.4byte	.LFB0
 774 0014 14000000 		.4byte	.LFE0-.LFB0
 775 0018 00000000 		.4byte	.LFB1
 776 001c 0C000000 		.4byte	.LFE1-.LFB1
 777 0020 00000000 		.4byte	.LFB2
 778 0024 10000000 		.4byte	.LFE2-.LFB2
 779 0028 00000000 		.4byte	.LFB3
 780 002c 4A000000 		.4byte	.LFE3-.LFB3
 781 0030 00000000 		.4byte	.LFB4
 782 0034 F4000000 		.4byte	.LFE4-.LFB4
 783 0038 00000000 		.4byte	0
 784 003c 00000000 		.4byte	0
 785              		.section	.debug_ranges,"",%progbits
 786              	.Ldebug_ranges0:
 787 0000 00000000 		.4byte	.LFB0
 788 0004 14000000 		.4byte	.LFE0
 789 0008 00000000 		.4byte	.LFB1
 790 000c 0C000000 		.4byte	.LFE1
 791 0010 00000000 		.4byte	.LFB2
 792 0014 10000000 		.4byte	.LFE2
 793 0018 00000000 		.4byte	.LFB3
 794 001c 4A000000 		.4byte	.LFE3
 795 0020 00000000 		.4byte	.LFB4
 796 0024 F4000000 		.4byte	.LFE4
 797 0028 00000000 		.4byte	0
 798 002c 00000000 		.4byte	0
 799              		.section	.debug_line,"",%progbits
 800              	.Ldebug_line0:
 801 0000 02010000 		.section	.debug_str,"MS",%progbits,1
 801      02004600 
 801      00000201 
 801      FB0E0D00 
 801      01010101 
 802              	.LASF14:
 803 0000 63797374 		.ascii	"cystatus\000"
 803      61747573 
 803      00
 804              	.LASF32:
 805 0009 474E5520 		.ascii	"GNU C11 5.4.1 20160609 (release) [ARM/embedded-5-br"
 805      43313120 
 805      352E342E 
 805      31203230 
 805      31363036 
 806 003c 616E6368 		.ascii	"anch revision 237715] -mcpu=cortex-m3 -mthumb -g -O"
 806      20726576 
 806      6973696F 
 806      6E203233 
 806      37373135 
 807 006f 30202D66 		.ascii	"0 -ffunction-sections -ffat-lto-objects\000"
 807      66756E63 
 807      74696F6E 
 807      2D736563 
 807      74696F6E 
ARM GAS  C:\Users\jobaek\AppData\Local\Temp\ccZH4Gvc.s 			page 20


 808              	.LASF29:
 809 0097 74656D70 		.ascii	"tempCount\000"
 809      436F756E 
 809      7400
 810              	.LASF28:
 811 00a1 64617461 		.ascii	"dataIndexCntr\000"
 811      496E6465 
 811      78436E74 
 811      7200
 812              	.LASF22:
 813 00af 636F756E 		.ascii	"count\000"
 813      7400
 814              	.LASF3:
 815 00b5 73686F72 		.ascii	"short unsigned int\000"
 815      7420756E 
 815      7369676E 
 815      65642069 
 815      6E7400
 816              	.LASF19:
 817 00c8 55415254 		.ascii	"UART_CyBtldrCommReset\000"
 817      5F437942 
 817      746C6472 
 817      436F6D6D 
 817      52657365 
 818              	.LASF31:
 819 00de 73746174 		.ascii	"status\000"
 819      757300
 820              	.LASF17:
 821 00e5 55415254 		.ascii	"UART_CyBtldrCommStart\000"
 821      5F437942 
 821      746C6472 
 821      436F6D6D 
 821      53746172 
 822              	.LASF20:
 823 00fb 70446174 		.ascii	"pData\000"
 823      6100
 824              	.LASF11:
 825 0101 666C6F61 		.ascii	"float\000"
 825      7400
 826              	.LASF21:
 827 0107 73697A65 		.ascii	"size\000"
 827      00
 828              	.LASF25:
 829 010c 55415254 		.ascii	"UART_CyBtldrCommRead\000"
 829      5F437942 
 829      746C6472 
 829      436F6D6D 
 829      52656164 
 830              	.LASF5:
 831 0121 6C6F6E67 		.ascii	"long unsigned int\000"
 831      20756E73 
 831      69676E65 
 831      6420696E 
 831      7400
 832              	.LASF34:
 833 0133 443A5C57 		.ascii	"D:\\Work\\PSoC_Projects\\CY8CKIT-059\\CY8CKIT-059_B"
 833      6F726B5C 
ARM GAS  C:\Users\jobaek\AppData\Local\Temp\ccZH4Gvc.s 			page 21


 833      50536F43 
 833      5F50726F 
 833      6A656374 
 834 0162 6F6F746C 		.ascii	"ootloader.cydsn\000"
 834      6F616465 
 834      722E6379 
 834      64736E00 
 835              	.LASF9:
 836 0172 75696E74 		.ascii	"uint8\000"
 836      3800
 837              	.LASF1:
 838 0178 756E7369 		.ascii	"unsigned char\000"
 838      676E6564 
 838      20636861 
 838      7200
 839              	.LASF12:
 840 0186 646F7562 		.ascii	"double\000"
 840      6C6500
 841              	.LASF24:
 842 018d 55415254 		.ascii	"UART_CyBtldrCommWrite\000"
 842      5F437942 
 842      746C6472 
 842      436F6D6D 
 842      57726974 
 843              	.LASF10:
 844 01a3 75696E74 		.ascii	"uint16\000"
 844      313600
 845              	.LASF30:
 846 01aa 6F6C6444 		.ascii	"oldDataCount\000"
 846      61746143 
 846      6F756E74 
 846      00
 847              	.LASF33:
 848 01b7 47656E65 		.ascii	"Generated_Source\\PSoC5\\UART_BOOT.c\000"
 848      72617465 
 848      645F536F 
 848      75726365 
 848      5C50536F 
 849              	.LASF8:
 850 01da 756E7369 		.ascii	"unsigned int\000"
 850      676E6564 
 850      20696E74 
 850      00
 851              	.LASF18:
 852 01e7 55415254 		.ascii	"UART_CyBtldrCommStop\000"
 852      5F437942 
 852      746C6472 
 852      436F6D6D 
 852      53746F70 
 853              	.LASF7:
 854 01fc 6C6F6E67 		.ascii	"long long unsigned int\000"
 854      206C6F6E 
 854      6720756E 
 854      7369676E 
 854      65642069 
 855              	.LASF26:
 856 0213 62756649 		.ascii	"bufIndex\000"
ARM GAS  C:\Users\jobaek\AppData\Local\Temp\ccZH4Gvc.s 			page 22


 856      6E646578 
 856      00
 857              	.LASF16:
 858 021c 73697A65 		.ascii	"sizetype\000"
 858      74797065 
 858      00
 859              	.LASF6:
 860 0225 6C6F6E67 		.ascii	"long long int\000"
 860      206C6F6E 
 860      6720696E 
 860      7400
 861              	.LASF13:
 862 0233 63686172 		.ascii	"char\000"
 862      00
 863              	.LASF2:
 864 0238 73686F72 		.ascii	"short int\000"
 864      7420696E 
 864      7400
 865              	.LASF23:
 866 0242 74696D65 		.ascii	"timeOut\000"
 866      4F757400 
 867              	.LASF4:
 868 024a 6C6F6E67 		.ascii	"long int\000"
 868      20696E74 
 868      00
 869              	.LASF15:
 870 0253 6C6F6E67 		.ascii	"long double\000"
 870      20646F75 
 870      626C6500 
 871              	.LASF0:
 872 025f 7369676E 		.ascii	"signed char\000"
 872      65642063 
 872      68617200 
 873              	.LASF27:
 874 026b 69436E74 		.ascii	"iCntr\000"
 874      7200
 875              		.ident	"GCC: (GNU Tools for ARM Embedded Processors) 5.4.1 20160609 (release) [ARM/embedded-5-bran
